Archive member included because of file (symbol)

.\CortexM0p\ARM_GCC_493\Debug\CE211321_Temperature_Sensing.a(cyfitter_cfg.o)
                              .\CortexM0p\ARM_GCC_493\Debug\Cm0plusStart.o (cyfitter_cfg)
.\CortexM0p\ARM_GCC_493\Debug\CE211321_Temperature_Sensing.a(Pin_LED_Blue.o)
                              .\CortexM0p\ARM_GCC_493\Debug\main.o (Pin_LED_Blue_Write)
.\CortexM0p\ARM_GCC_493\Debug\CE211321_Temperature_Sensing.a(Pin_LED_Red.o)
                              .\CortexM0p\ARM_GCC_493\Debug\main.o (Pin_LED_Red_Write)
.\CortexM0p\ARM_GCC_493\Debug\CE211321_Temperature_Sensing.a(Thermistor.o)
                              .\CortexM0p\ARM_GCC_493\Debug\main.o (Thermistor_GetResistance)
.\CortexM0p\ARM_GCC_493\Debug\CE211321_Temperature_Sensing.a(VrefBuffer.o)
                              .\CortexM0p\ARM_GCC_493\Debug\main.o (VrefBuffer_Start)
.\CortexM0p\ARM_GCC_493\Debug\CE211321_Temperature_Sensing.a(ADC.o)
                              .\CortexM0p\ARM_GCC_493\Debug\main.o (ADC_StartConvert)
.\CortexM0p\ARM_GCC_493\Debug\CE211321_Temperature_Sensing.a(ADC_INIT.o)
                              .\CortexM0p\ARM_GCC_493\Debug\CE211321_Temperature_Sensing.a(ADC.o) (ADC_InputsPlacement)
.\CortexM0p\ARM_GCC_493\Debug\CE211321_Temperature_Sensing.a(ADC_INT.o)
                              .\CortexM0p\ARM_GCC_493\Debug\CE211321_Temperature_Sensing.a(ADC.o) (ADC_ISR)
.\CortexM0p\ARM_GCC_493\Debug\CE211321_Temperature_Sensing.a(EZI2C.o)
                              .\CortexM0p\ARM_GCC_493\Debug\main.o (EZI2C_Start)
.\CortexM0p\ARM_GCC_493\Debug\CE211321_Temperature_Sensing.a(EZI2C_EZI2C.o)
                              .\CortexM0p\ARM_GCC_493\Debug\CE211321_Temperature_Sensing.a(EZI2C.o) (EZI2C_EzI2CInit)
.\CortexM0p\ARM_GCC_493\Debug\CE211321_Temperature_Sensing.a(EZI2C_EZI2C_INT.o)
                              .\CortexM0p\ARM_GCC_493\Debug\CE211321_Temperature_Sensing.a(EZI2C_EZI2C.o) (EZI2C_EZI2C_STRETCH_ISR)
.\CortexM0p\ARM_GCC_493\Debug\CE211321_Temperature_Sensing.a(PVref.o)
                              .\CortexM0p\ARM_GCC_493\Debug\main.o (PVref_Enable)
.\CortexM0p\ARM_GCC_493\Debug\CE211321_Temperature_Sensing.a(ADC_intSarClock.o)
                              .\CortexM0p\ARM_GCC_493\Debug\CE211321_Temperature_Sensing.a(ADC.o) (ADC_intSarClock_SetFractionalDividerRegister)
.\CortexM0p\ARM_GCC_493\Debug\CE211321_Temperature_Sensing.a(ADC_IRQ.o)
                              .\CortexM0p\ARM_GCC_493\Debug\CE211321_Temperature_Sensing.a(ADC.o) (ADC_IRQ_StartEx)
.\CortexM0p\ARM_GCC_493\Debug\CE211321_Temperature_Sensing.a(CyLib.o)
                              .\CortexM0p\ARM_GCC_493\Debug\CE211321_Temperature_Sensing.a(EZI2C.o) (CyIntEnable)
.\CortexM0p\ARM_GCC_493\Debug\CE211321_Temperature_Sensing.a(CyLFClk.o)
                              .\CortexM0p\ARM_GCC_493\Debug\CE211321_Temperature_Sensing.a(CyLib.o) (CySysClkWcoEnabled)
.\CortexM0p\ARM_GCC_493\Debug\CE211321_Temperature_Sensing.a(CyBootAsmGnu.o)
                              .\CortexM0p\ARM_GCC_493\Debug\CE211321_Temperature_Sensing.a(CyLib.o) (CyDelayCycles)
.\CortexM0p\ARM_GCC_493\Debug\CE211321_Temperature_Sensing.a(CyFlash.o)
                              .\CortexM0p\ARM_GCC_493\Debug\CE211321_Temperature_Sensing.a(CyLib.o) (CySysFlashSetWaitCycles)
c:/program files (x86)/cypress/psoc creator/4.0/psoc creator/import/gnu/arm/4.9.3/bin/../lib/gcc/arm-none-eabi/4.9.3/armv6-m\libgcc.a(_udivsi3.o)
                              .\CortexM0p\ARM_GCC_493\Debug\CE211321_Temperature_Sensing.a(ADC.o) (__aeabi_uidiv)
c:/program files (x86)/cypress/psoc creator/4.0/psoc creator/import/gnu/arm/4.9.3/bin/../lib/gcc/arm-none-eabi/4.9.3/armv6-m\libgcc.a(_divsi3.o)
                              .\CortexM0p\ARM_GCC_493\Debug\CE211321_Temperature_Sensing.a(Thermistor.o) (__aeabi_idiv)
c:/program files (x86)/cypress/psoc creator/4.0/psoc creator/import/gnu/arm/4.9.3/bin/../lib/gcc/arm-none-eabi/4.9.3/armv6-m\libgcc.a(_dvmd_tls.o)
                              c:/program files (x86)/cypress/psoc creator/4.0/psoc creator/import/gnu/arm/4.9.3/bin/../lib/gcc/arm-none-eabi/4.9.3/armv6-m\libgcc.a(_udivsi3.o) (__aeabi_idiv0)
c:/program files (x86)/cypress/psoc creator/4.0/psoc creator/import/gnu/arm/4.9.3/bin/../lib/gcc/arm-none-eabi/4.9.3/armv6-m\libgcc.a(_aeabi_ldivmod.o)
                              .\CortexM0p\ARM_GCC_493\Debug\CE211321_Temperature_Sensing.a(ADC.o) (__aeabi_ldivmod)
c:/program files (x86)/cypress/psoc creator/4.0/psoc creator/import/gnu/arm/4.9.3/bin/../lib/gcc/arm-none-eabi/4.9.3/armv6-m\libgcc.a(_muldi3.o)
                              .\CortexM0p\ARM_GCC_493\Debug\CE211321_Temperature_Sensing.a(ADC.o) (__aeabi_lmul)
c:/program files (x86)/cypress/psoc creator/4.0/psoc creator/import/gnu/arm/4.9.3/bin/../lib/gcc/arm-none-eabi/4.9.3/armv6-m\libgcc.a(bpabi.o)
[...]
Memory Configuration

Name             Origin             Length             Attributes
rom              0x00000000         0x00008000         xr
ram              0x20000000         0x00001000         xrw
*default*        0x00000000         0xffffffff

Linker script and memory map

LOAD c:/program files (x86)/cypress/psoc creator/4.0/psoc creator/import/gnu/arm/4.9.3/bin/../lib/gcc/arm-none-eabi/4.9.3/armv6-m/crti.o
LOAD c:/program files (x86)/cypress/psoc creator/4.0/psoc creator/import/gnu/arm/4.9.3/bin/../lib/gcc/arm-none-eabi/4.9.3/armv6-m/crtbegin.o
LOAD c:/program files (x86)/cypress/psoc creator/4.0/psoc creator/import/gnu/arm/4.9.3/bin/../lib/gcc/arm-none-eabi/4.9.3/../../../../arm-none-eabi/lib/armv6-m/crt0.o
START GROUP
LOAD .\CortexM0p\ARM_GCC_493\Debug\main.o
LOAD .\CortexM0p\ARM_GCC_493\Debug\cymetadata.o
LOAD .\CortexM0p\ARM_GCC_493\Debug\Cm0plusStart.o
LOAD .\CortexM0p\ARM_GCC_493\Debug\CE211321_Temperature_Sensing.a
END GROUP
START GROUP
LOAD c:/program files (x86)/cypress/psoc creator/4.0/psoc creator/import/gnu/arm/4.9.3/bin/../lib/gcc/arm-none-eabi/4.9.3/armv6-m\libgcc.a
LOAD c:/program files (x86)/cypress/psoc creator/4.0/psoc creator/import/gnu/arm/4.9.3/bin/../lib/gcc/arm-none-eabi/4.9.3/../../../../arm-none-eabi/lib/armv6-m\libg_nano.a
LOAD c:/program files (x86)/cypress/psoc creator/4.0/psoc creator/import/gnu/arm/4.9.3/bin/../lib/gcc/arm-none-eabi/4.9.3/../../../../arm-none-eabi/lib/armv6-m\libc_nano.a
END GROUP
START GROUP
LOAD c:/program files (x86)/cypress/psoc creator/4.0/psoc creator/import/gnu/arm/4.9.3/bin/../lib/gcc/arm-none-eabi/4.9.3/armv6-m\libgcc.a
LOAD c:/program files (x86)/cypress/psoc creator/4.0/psoc creator/import/gnu/arm/4.9.3/bin/../lib/gcc/arm-none-eabi/4.9.3/../../../../arm-none-eabi/lib/armv6-m\libc_nano.a
END GROUP
LOAD c:/program files (x86)/cypress/psoc creator/4.0/psoc creator/import/gnu/arm/4.9.3/bin/../lib/gcc/arm-none-eabi/4.9.3/armv6-m/crtend.o
LOAD c:/program files (x86)/cypress/psoc creator/4.0/psoc creator/import/gnu/arm/4.9.3/bin/../lib/gcc/arm-none-eabi/4.9.3/armv6-m/crtn.o
START GROUP
LOAD c:/program files (x86)/cypress/psoc creator/4.0/psoc creator/import/gnu/arm/4.9.3/bin/../lib/gcc/arm-none-eabi/4.9.3/armv6-m\libgcc.a
LOAD c:/program files (x86)/cypress/psoc creator/4.0/psoc creator/import/gnu/arm/4.9.3/bin/../lib/gcc/arm-none-eabi/4.9.3/../../../../arm-none-eabi/lib/armv6-m\libc.a
LOAD c:/program files (x86)/cypress/psoc creator/4.0/psoc creator/import/gnu/arm/4.9.3/bin/../lib/gcc/arm-none-eabi/4.9.3/../../../../arm-none-eabi/lib/armv6-m\libnosys.a
END GROUP
                0x00000000                CY_APPL_ORIGIN = 0x0
                0x00000080                CY_FLASH_ROW_SIZE = 0x80
                0x00000001                CY_APPL_NUM = 0x1
                0x00000001                CY_APPL_MAX = 0x1
                0x00000040                CY_METADATA_SIZE = 0x40
                0x00000000                CY_APPL_LOADABLE = 0x0
                0x00000000                CY_CHECKSUM_EXCLUDE_SIZE = ALIGN (0x0, CY_FLASH_ROW_SIZE)
                0x00000000                CY_APP_FOR_STACK_AND_COPIER = 0x0
                0x20000190                PROVIDE (__cy_heap_start, _end)
                0x00000001                PROVIDE (__cy_region_num, ((__cy_regions_end - __cy_regions) / 0x10))
                0x20001000                PROVIDE (__cy_stack, (ORIGIN (ram) + 0x1000))
                0x20000800                PROVIDE (__cy_heap_end, (__cy_stack - 0x800))

.cybootloader   0x00000000        0x0
 *(.cybootloader)
                0x00000000                appl1_start = CY_APPL_ORIGIN?CY_APPL_ORIGIN:ALIGN (CY_FLASH_ROW_SIZE)
                0x00003f80                appl2_start = (appl1_start + ALIGN ((((0x8000 - appl1_start) - (0x2 * CY_FLASH_ROW_SIZE)) / 0x2), CY_FLASH_ROW_SIZE))
                0x00000000                appl_start = (CY_APPL_NUM == 0x1)?appl1_start:appl2_start
                0x00000001                cy_project_type_bootloader = (appl_start == 0x0)?0x1:0x0
                0x00000000                cy_project_type_app_for_stack_and_copier = (CY_APP_FOR_STACK_AND_COPIER == 0x1)?0x1:0x0

.text           0x00000000     0x1330
 CREATE_OBJECT_SYMBOLS
                0x00000000                PROVIDE (__cy_interrupt_vector, RomVectors)
 *(.romvectors)
 .romvectors    0x00000000       0x10 .\CortexM0p\ARM_GCC_493\Debug\Cm0plusStart.o
                0x00000000                RomVectors
                0x00000001                ASSERT ((. != __cy_interrupt_vector), No interrupt vector)
                0x00000001                ASSERT (CY_APPL_ORIGIN?(SIZEOF (.cybootloader) <= CY_APPL_ORIGIN):0x1, Wrong image location)
                0x00000010                PROVIDE (__cy_reset, Reset)
 *(.text.Reset)
 .text.Reset    0x00000010        0xc .\CortexM0p\ARM_GCC_493\Debug\Cm0plusStart.o
                0x00000010                Reset
                0x00000001                ASSERT ((. != __cy_reset), No reset code)
 *(.psocinit)
 .psocinit      0x0000001c      0x100 .\CortexM0p\ARM_GCC_493\Debug\CE211321_Temperature_Sensing.a(cyfitter_cfg.o)
                0x000000a0                cyfitter_cfg
                0x0000011c                . = MAX (., 0x100)
 *(.text .text.* .gnu.linkonce.t.*)
 .text          0x0000011c       0x60 c:/program files (x86)/cypress/psoc creator/4.0/psoc creator/import/gnu/arm/4.9.3/bin/../lib/gcc/arm-none-eabi/4.9.3/armv6-m/crtbegin.o
 .text.InitResources
                0x0000017c       0x2c .\CortexM0p\ARM_GCC_493\Debug\main.o
                0x0000017c                InitResources
 .text.main     0x000001a8       0xbc .\CortexM0p\ARM_GCC_493\Debug\main.o
                0x000001a8                main
 .text.IntDefaultHandler
                0x00000264       0x10 .\CortexM0p\ARM_GCC_493\Debug\Cm0plusStart.o
                0x00000264                IntDefaultHandler
 .text.Start_c  0x00000274       0x48 .\CortexM0p\ARM_GCC_493\Debug\Cm0plusStart.o
                0x00000274                Start_c
 .text.initialize_psoc
                0x000002bc       0x48 .\CortexM0p\ARM_GCC_493\Debug\Cm0plusStart.o
                0x000002bc                initialize_psoc
 .text.SetAnalogRoutingPumps
                0x00000304       0x20 .\CortexM0p\ARM_GCC_493\Debug\CE211321_Temperature_Sensing.a(cyfitter_cfg.o)
                0x00000304                SetAnalogRoutingPumps
 .text.AnalogSetDefault
                0x00000324       0x9c .\CortexM0p\ARM_GCC_493\Debug\CE211321_Temperature_Sensing.a(cyfitter_cfg.o)
 .text.Pin_LED_Blue_Write
                0x000003c0       0x18 .\CortexM0p\ARM_GCC_493\Debug\CE211321_Temperature_Sensing.a(Pin_LED_Blue.o)
                0x000003c0                Pin_LED_Blue_Write
 .text.Pin_LED_Red_Write
                0x000003d8       0x18 .\CortexM0p\ARM_GCC_493\Debug\CE211321_Temperature_Sensing.a(Pin_LED_Red.o)
                0x000003d8                Pin_LED_Red_Write
 .text.Thermistor_GetResistance
                0x000003f0       0x2c .\CortexM0p\ARM_GCC_493\Debug\CE211321_Temperature_Sensing.a(Thermistor.o)
                0x000003f0                Thermistor_GetResistance
 .text.Thermistor_GetTemperature
                0x0000041c       0x98 .\CortexM0p\ARM_GCC_493\Debug\CE211321_Temperature_Sensing.a(Thermistor.o)
                0x0000041c                Thermistor_GetTemperature
 .text.VrefBuffer_Init
                0x000004b4       0x2c .\CortexM0p\ARM_GCC_493\Debug\CE211321_Temperature_Sensing.a(VrefBuffer.o)
                0x000004b4                VrefBuffer_Init
 .text.VrefBuffer_Enable
                0x000004e0       0x1c .\CortexM0p\ARM_GCC_493\Debug\CE211321_Temperature_Sensing.a(VrefBuffer.o)
                0x000004e0                VrefBuffer_Enable
 .text.VrefBuffer_Start
                0x000004fc       0x20 .\CortexM0p\ARM_GCC_493\Debug\CE211321_Temperature_Sensing.a(VrefBuffer.o)
                0x000004fc                VrefBuffer_Start
 .text.ADC_InitConfig
                0x0000051c       0xfc .\CortexM0p\ARM_GCC_493\Debug\CE211321_Temperature_Sensing.a(ADC.o)
                0x0000051c                ADC_InitConfig
 .text.ADC_StartConvert
                0x00000618       0x28 .\CortexM0p\ARM_GCC_493\Debug\CE211321_Temperature_Sensing.a(ADC.o)
                0x00000618                ADC_StartConvert
 .text.ADC_IsEndConversion
                0x00000640       0x38 .\CortexM0p\ARM_GCC_493\Debug\CE211321_Temperature_Sensing.a(ADC.o)
                0x00000640                ADC_IsEndConversion
 .text.ADC_GetResult16
                0x00000678       0x54 .\CortexM0p\ARM_GCC_493\Debug\CE211321_Temperature_Sensing.a(ADC.o)
                0x00000678                ADC_GetResult16
 .text.ADC_Init
                0x000006cc      0x118 .\CortexM0p\ARM_GCC_493\Debug\CE211321_Temperature_Sensing.a(ADC.o)
                0x000006cc                ADC_Init
 .text.ADC_Enable
                0x000007e4       0x30 .\CortexM0p\ARM_GCC_493\Debug\CE211321_Temperature_Sensing.a(ADC.o)
                0x000007e4                ADC_Enable
 .text.ADC_Start
                0x00000814       0x24 .\CortexM0p\ARM_GCC_493\Debug\CE211321_Temperature_Sensing.a(ADC.o)
                0x00000814                ADC_Start
 .text.ADC_ISR  0x00000838        0xc .\CortexM0p\ARM_GCC_493\Debug\CE211321_Temperature_Sensing.a(ADC_INT.o)
                0x00000838                ADC_ISR
 .text.EZI2C_ScbEnableIntr
                0x00000844        0xc .\CortexM0p\ARM_GCC_493\Debug\CE211321_Temperature_Sensing.a(EZI2C.o)
 .text.EZI2C_Init
                0x00000850        0x8 .\CortexM0p\ARM_GCC_493\Debug\CE211321_Temperature_Sensing.a(EZI2C.o)
                0x00000850                EZI2C_Init
 .text.EZI2C_Enable
                0x00000858       0x18 .\CortexM0p\ARM_GCC_493\Debug\CE211321_Temperature_Sensing.a(EZI2C.o)
                0x00000858                EZI2C_Enable
 .text.EZI2C_Start
                0x00000870       0x20 .\CortexM0p\ARM_GCC_493\Debug\CE211321_Temperature_Sensing.a(EZI2C.o)
                0x00000870                EZI2C_Start
 .text.EZI2C_EzI2CInit
                0x00000890       0xc0 .\CortexM0p\ARM_GCC_493\Debug\CE211321_Temperature_Sensing.a(EZI2C_EZI2C.o)
                0x00000890                EZI2C_EzI2CInit
 .text.EZI2C_EzI2CGetActivity
                0x00000950       0x24 .\CortexM0p\ARM_GCC_493\Debug\CE211321_Temperature_Sensing.a(EZI2C_EZI2C.o)
                0x00000950                EZI2C_EzI2CGetActivity
 .text.EZI2C_EzI2CSetBuffer1
                0x00000974       0x30 .\CortexM0p\ARM_GCC_493\Debug\CE211321_Temperature_Sensing.a(EZI2C_EZI2C.o)
                0x00000974                EZI2C_EzI2CSetBuffer1
 .text.EZI2C_EZI2C_STRETCH_ISR
                0x000009a4      0x324 .\CortexM0p\ARM_GCC_493\Debug\CE211321_Temperature_Sensing.a(EZI2C_EZI2C_INT.o)
                0x000009a4                EZI2C_EZI2C_STRETCH_ISR
 .text.PVref_Init
                0x00000cc8       0x1c .\CortexM0p\ARM_GCC_493\Debug\CE211321_Temperature_Sensing.a(PVref.o)
                0x00000cc8                PVref_Init
 .text.PVref_Enable
                0x00000ce4       0x10 .\CortexM0p\ARM_GCC_493\Debug\CE211321_Temperature_Sensing.a(PVref.o)
                0x00000ce4                PVref_Enable
 .text.PVref_Start
                0x00000cf4       0x20 .\CortexM0p\ARM_GCC_493\Debug\CE211321_Temperature_Sensing.a(PVref.o)
                0x00000cf4                PVref_Start
 .text.ADC_intSarClock_SetFractionalDividerRegister
                0x00000d14       0x20 .\CortexM0p\ARM_GCC_493\Debug\CE211321_Temperature_Sensing.a(ADC_intSarClock.o)
                0x00000d14                ADC_intSarClock_SetFractionalDividerRegister
 .text.CySysClkImoDisableWcoLock
                0x00000d34       0x14 .\CortexM0p\ARM_GCC_493\Debug\CE211321_Temperature_Sensing.a(CyLib.o)
                0x00000d34                CySysClkImoDisableWcoLock
 .text.CySysClkImoGetWcoLock
                0x00000d48       0x14 .\CortexM0p\ARM_GCC_493\Debug\CE211321_Temperature_Sensing.a(CyLib.o)
                0x00000d48                CySysClkImoGetWcoLock
 .text.CyIntEnable
                0x00000d5c       0x14 .\CortexM0p\ARM_GCC_493\Debug\CE211321_Temperature_Sensing.a(CyLib.o)
                0x00000d5c                CyIntEnable
 .text.CyIntDisable
                0x00000d70       0x14 .\CortexM0p\ARM_GCC_493\Debug\CE211321_Temperature_Sensing.a(CyLib.o)
                0x00000d70                CyIntDisable
 .text.CyHalt   0x00000d84        0x4 .\CortexM0p\ARM_GCC_493\Debug\CE211321_Temperature_Sensing.a(CyLib.o)
                0x00000d84                CyHalt
 .text.CyIntSetVector
                0x00000d88       0x24 .\CortexM0p\ARM_GCC_493\Debug\CE211321_Temperature_Sensing.a(CyLib.o)
                0x00000d88                CyIntSetVector
 .text.CyIntSetPriority
                0x00000dac       0x4c .\CortexM0p\ARM_GCC_493\Debug\CE211321_Temperature_Sensing.a(CyLib.o)
                0x00000dac                CyIntSetPriority
 .text.CyDelay  0x00000df8       0x30 .\CortexM0p\ARM_GCC_493\Debug\CE211321_Temperature_Sensing.a(CyLib.o)
                0x00000df8                CyDelay
 .text.CySysClkImoEnableWcoLock
                0x00000e28       0xcc .\CortexM0p\ARM_GCC_493\Debug\CE211321_Temperature_Sensing.a(CyLib.o)
                0x00000e28                CySysClkImoEnableWcoLock
 .text.CySysClkWriteImoFreq
                0x00000ef4       0xd8 .\CortexM0p\ARM_GCC_493\Debug\CE211321_Temperature_Sensing.a(CyLib.o)
                0x00000ef4                CySysClkWriteImoFreq
 .text.CyDelayUs
                0x00000fcc       0x14 .\CortexM0p\ARM_GCC_493\Debug\CE211321_Temperature_Sensing.a(CyLib.o)
                0x00000fcc                CyDelayUs
 .text.CySysClkGetTimerSource
                0x00000fe0       0x10 .\CortexM0p\ARM_GCC_493\Debug\CE211321_Temperature_Sensing.a(CyLFClk.o)
 .text.CySysClkWcoEnabled
                0x00000ff0       0x14 .\CortexM0p\ARM_GCC_493\Debug\CE211321_Temperature_Sensing.a(CyLFClk.o)
                0x00000ff0                CySysClkWcoEnabled
 .text.CySysWdtDisable
                0x00001004       0x10 .\CortexM0p\ARM_GCC_493\Debug\CE211321_Temperature_Sensing.a(CyLFClk.o)
                0x00001004                CySysWdtDisable
 .text.CySysClkSetTimerSource
                0x00001014       0x68 .\CortexM0p\ARM_GCC_493\Debug\CE211321_Temperature_Sensing.a(CyLFClk.o)
                0x00001014                CySysClkSetTimerSource
 *fill*         0x0000107c        0x4 
 .text          0x00001080       0x20 .\CortexM0p\ARM_GCC_493\Debug\CE211321_Temperature_Sensing.a(CyBootAsmGnu.o)
                0x00001080                CyDelayCycles
                0x00001092                CyEnterCriticalSection
                0x0000109a                CyExitCriticalSection
 .text.CySysFlashSetWaitCycles
                0x000010a0       0x54 .\CortexM0p\ARM_GCC_493\Debug\CE211321_Temperature_Sensing.a(CyFlash.o)
                0x000010a0                CySysFlashSetWaitCycles
 .text          0x000010f4      0x1e0 c:/program files (x86)/cypress/psoc creator/4.0/psoc creator/import/gnu/arm/4.9.3/bin/../lib/gcc/arm-none-eabi/4.9.3/armv6-m\libgcc.a(_divsi3.o)
                0x000010f4                __divsi3
                0x000010f4                __aeabi_idiv
                0x000012c0                __aeabi_idivmod
 .text          0x000012d4        0x4 c:/program files (x86)/cypress/psoc creator/4.0/psoc creator/import/gnu/arm/4.9.3/bin/../lib/gcc/arm-none-eabi/4.9.3/armv6-m\libgcc.a(_dvmd_tls.o)
                0x000012d4                __aeabi_idiv0
                0x000012d4                __aeabi_ldiv0
 .text.__errno  0x000012d8        0xc c:/program files (x86)/cypress/psoc creator/4.0/psoc creator/import/gnu/arm/4.9.3/bin/../lib/gcc/arm-none-eabi/4.9.3/../../../../arm-none-eabi/lib/armv6-m\libg_nano.a(lib_a-errno.o)
                0x000012d8                __errno
 .text.__libc_init_array
                0x000012e4       0x4c c:/program files (x86)/cypress/psoc creator/4.0/psoc creator/import/gnu/arm/4.9.3/bin/../lib/gcc/arm-none-eabi/4.9.3/../../../../arm-none-eabi/lib/armv6-m\libg_nano.a(lib_a-init.o)
                0x000012e4                __libc_init_array
 *(.plt)
 *(.gnu.warning)
 *(.glue_7t)
 .glue_7t       0x00000000        0x0 linker stubs
 *(.glue_7)
 .glue_7        0x00000000        0x0 linker stubs
 *(.vfp11_veneer)
 .vfp11_veneer  0x00000000        0x0 linker stubs
 *(.bootloader)
 *(.ARM.extab* .gnu.linkonce.armextab.*)
 *(.gcc_except_table)

.v4_bx          0x00001330        0x0
 .v4_bx         0x00000000        0x0 linker stubs

.iplt           0x00001330        0x0
 .iplt          0x00000000        0x0 c:/program files (x86)/cypress/psoc creator/4.0/psoc creator/import/gnu/arm/4.9.3/bin/../lib/gcc/arm-none-eabi/4.9.3/armv6-m/crtbegin.o

.eh_frame_hdr
 *(.eh_frame_hdr)

.eh_frame       0x00001330        0x4
 *(.eh_frame)
 .eh_frame      0x00001330        0x0 c:/program files (x86)/cypress/psoc creator/4.0/psoc creator/import/gnu/arm/4.9.3/bin/../lib/gcc/arm-none-eabi/4.9.3/armv6-m/crtbegin.o
 .eh_frame      0x00001330        0x4 c:/program files (x86)/cypress/psoc creator/4.0/psoc creator/import/gnu/arm/4.9.3/bin/../lib/gcc/arm-none-eabi/4.9.3/armv6-m/crtend.o
                0x00001334                PROVIDE (__exidx_start, .)

.ARM.exidx
 *(.ARM.exidx* .gnu.linkonce.armexidx.*)
                0x00001334                __exidx_end = .

.rodata         0x00001334     0x1a64
 *(.rodata .rodata.* .gnu.linkonce.r.*)
 .rodata        0x00001334     0x19cc .\CortexM0p\ARM_GCC_493\Debug\CE211321_Temperature_Sensing.a(Thermistor.o)
 .rodata        0x00002d00        0x8 .\CortexM0p\ARM_GCC_493\Debug\CE211321_Temperature_Sensing.a(ADC.o)
 .rodata        0x00002d08       0x40 .\CortexM0p\ARM_GCC_493\Debug\CE211321_Temperature_Sensing.a(ADC_INIT.o)
                0x00002d08                ADC_InputsPlacement
                0x00002d10                ADC_allConfigs
 .rodata        0x00002d48       0x18 .\CortexM0p\ARM_GCC_493\Debug\CE211321_Temperature_Sensing.a(CyLib.o)
                0x00002d48                cyImoFreqMhz2DpllOffset
 .rodata.str1.1
                0x00002d60        0x2 c:/program files (x86)/cypress/psoc creator/4.0/psoc creator/import/gnu/arm/4.9.3/bin/../lib/gcc/arm-none-eabi/4.9.3/../../../../arm-none-eabi/lib/armv6-m\libg_nano.a(lib_a-impure.o)
                0x00002d64                . = ALIGN (0x4)
 *fill*         0x00002d62        0x2 
 *(.init)
 .init          0x00002d64        0x4 c:/program files (x86)/cypress/psoc creator/4.0/psoc creator/import/gnu/arm/4.9.3/bin/../lib/gcc/arm-none-eabi/4.9.3/armv6-m/crti.o
                0x00002d64                _init
 .init          0x00002d68        0x8 c:/program files (x86)/cypress/psoc creator/4.0/psoc creator/import/gnu/arm/4.9.3/bin/../lib/gcc/arm-none-eabi/4.9.3/armv6-m/crtn.o
                0x00002d70                . = ALIGN (0x4)
                0x00002d70                __preinit_array_start = .
 *(.preinit_array)
                0x00002d70                __preinit_array_end = .
                0x00002d70                . = ALIGN (0x4)
                0x00002d70                __init_array_start = .
 *(SORT(.init_array.*))
 *(.init_array)
 .init_array    0x00002d70        0x4 c:/program files (x86)/cypress/psoc creator/4.0/psoc creator/import/gnu/arm/4.9.3/bin/../lib/gcc/arm-none-eabi/4.9.3/armv6-m/crtbegin.o
 .init_array    0x00002d74        0x4 .\CortexM0p\ARM_GCC_493\Debug\Cm0plusStart.o
                0x00002d78                __init_array_end = .
                0x00002d78                . = ALIGN (0x4)
 *(.fini)
 .fini          0x00002d78        0x4 c:/program files (x86)/cypress/psoc creator/4.0/psoc creator/import/gnu/arm/4.9.3/bin/../lib/gcc/arm-none-eabi/4.9.3/armv6-m/crti.o
                0x00002d78                _fini
 .fini          0x00002d7c        0x8 c:/program files (x86)/cypress/psoc creator/4.0/psoc creator/import/gnu/arm/4.9.3/bin/../lib/gcc/arm-none-eabi/4.9.3/armv6-m/crtn.o
                0x00002d84                . = ALIGN (0x4)
                0x00002d84                __fini_array_start = .
 *(.fini_array)
 .fini_array    0x00002d84        0x4 c:/program files (x86)/cypress/psoc creator/4.0/psoc creator/import/gnu/arm/4.9.3/bin/../lib/gcc/arm-none-eabi/4.9.3/armv6-m/crtbegin.o
 *(SORT(.fini_array.*))
                0x00002d88                __fini_array_end = .
                0x00002d88                . = ALIGN (0x4)
 *crtbegin.o(.ctors)
 *(EXCLUDE_FILE(*crtend.o) .ctors)
 *(SORT(.ctors.*))
 *crtend.o(.ctors)
                0x00002d88                . = ALIGN (0x4)
 *crtbegin.o(.dtors)
 *(EXCLUDE_FILE(*crtend.o) .dtors)
 *(SORT(.dtors.*))
 *crtend.o(.dtors)
                0x00002d88                . = ALIGN (0x4)
                0x00002d88                __cy_regions = .
                0x00002d88        0x4 LONG 0x2d98 __cy_region_init_ram
                0x00002d8c        0x4 LONG 0x200000b0 __cy_region_start_data
                0x00002d90        0x4 LONG 0x80 __cy_region_init_size_ram
                0x00002d94        0x4 LONG 0x60 __cy_region_zero_size_ram
                0x00002d98                __cy_regions_end = .
                0x00002d98                . = ALIGN (0x8)
                0x00002d98                _etext = .

.cy_checksum_exclude
                0x00002d98        0x0
 *(.cy_checksum_exclude)

.ramvectors     0x20000000       0xa4
                0x20000000                __cy_region_start_ram = .
 *(.ramvectors)
 .ramvectors    0x20000000       0xa4 .\CortexM0p\ARM_GCC_493\Debug\Cm0plusStart.o
                0x20000000                CyRamVectors

.noinit         0x200000a8        0x4
 *(.noinit)
 .noinit        0x200000a8        0x4 .\CortexM0p\ARM_GCC_493\Debug\Cm0plusStart.o

.data           0x200000b0       0x80 load address 0x00002d98
                0x200000b0                __cy_region_start_data = .
 *(.jcr)
 .jcr           0x200000b0        0x0 c:/program files (x86)/cypress/psoc creator/4.0/psoc creator/import/gnu/arm/4.9.3/bin/../lib/gcc/arm-none-eabi/4.9.3/armv6-m/crtbegin.o
 .jcr           0x200000b0        0x4 c:/program files (x86)/cypress/psoc creator/4.0/psoc creator/import/gnu/arm/4.9.3/bin/../lib/gcc/arm-none-eabi/4.9.3/armv6-m/crtend.o
 *(.got.plt)
 *(.got)
 *(.shdata)
 *(.data .data.* .gnu.linkonce.d.*)
 .data          0x200000b4       0x14 .\CortexM0p\ARM_GCC_493\Debug\CE211321_Temperature_Sensing.a(CyLib.o)
                0x200000b4                CySysClkPumpConfig
                0x200000b8                cydelay32kMs
                0x200000bc                cydelayFreqKhz
                0x200000c0                cydelayFreqMhz
                0x200000c4                cydelayFreqHz
 .data.impure_data
                0x200000c8       0x60 c:/program files (x86)/cypress/psoc creator/4.0/psoc creator/import/gnu/arm/4.9.3/bin/../lib/gcc/arm-none-eabi/4.9.3/../../../../arm-none-eabi/lib/armv6-m\libg_nano.a(lib_a-impure.o)
 .data._impure_ptr
                0x20000128        0x4 c:/program files (x86)/cypress/psoc creator/4.0/psoc creator/import/gnu/arm/4.9.3/bin/../lib/gcc/arm-none-eabi/4.9.3/../../../../arm-none-eabi/lib/armv6-m\libg_nano.a(lib_a-impure.o)
                0x20000128                _impure_ptr
                0x20000130                . = ALIGN (0x8)
 *fill*         0x2000012c        0x4 
 *(.ram)
                0x20000130                _edata = .

.igot.plt       0x20000130        0x0 load address 0x00002e18
 .igot.plt      0x00000000        0x0 c:/program files (x86)/cypress/psoc creator/4.0/psoc creator/import/gnu/arm/4.9.3/bin/../lib/gcc/arm-none-eabi/4.9.3/armv6-m/crtbegin.o

.bss            0x20000130       0x60 load address 0x00002e18
                0x20000130                PROVIDE (__bss_start__, .)
 *(.shbss)
 *(.bss .bss.* .gnu.linkonce.b.*)
 .bss           0x20000130       0x1c c:/program files (x86)/cypress/psoc creator/4.0/psoc creator/import/gnu/arm/4.9.3/bin/../lib/gcc/arm-none-eabi/4.9.3/armv6-m/crtbegin.o
 .bss           0x2000014c        0x8 .\CortexM0p\ARM_GCC_493\Debug\main.o
                0x2000014c                i2cBuffer
 .bss           0x20000154        0x8 .\CortexM0p\ARM_GCC_493\Debug\CE211321_Temperature_Sensing.a(VrefBuffer.o)
                0x20000158                VrefBuffer_initVar
 .bss           0x2000015c        0x8 .\CortexM0p\ARM_GCC_493\Debug\CE211321_Temperature_Sensing.a(ADC.o)
                0x20000160                ADC_initVar
                0x20000161                ADC_selected
 .bss           0x20000164        0x8 .\CortexM0p\ARM_GCC_493\Debug\CE211321_Temperature_Sensing.a(EZI2C.o)
                0x20000164                EZI2C_initVar
                0x20000168                EZI2C_customIntrHandler
 .bss           0x2000016c        0x2 .\CortexM0p\ARM_GCC_493\Debug\CE211321_Temperature_Sensing.a(EZI2C_EZI2C_INT.o)
 .bss           0x2000016e        0x1 .\CortexM0p\ARM_GCC_493\Debug\CE211321_Temperature_Sensing.a(PVref.o)
                0x2000016e                PVref_initVar
 *(COMMON)
 *fill*         0x2000016f        0x1 
 COMMON         0x20000170        0xc .\CortexM0p\ARM_GCC_493\Debug\CE211321_Temperature_Sensing.a(ADC.o)
                0x20000170                ADC_countsPer10Volt
                0x20000178                ADC_offset
 COMMON         0x2000017c       0x12 .\CortexM0p\ARM_GCC_493\Debug\CE211321_Temperature_Sensing.a(EZI2C_EZI2C.o)
                0x2000017c                EZI2C_offsetBuf1
                0x2000017e                EZI2C_indexBuf1
                0x20000180                EZI2C_fsmState
                0x20000182                EZI2C_protectBuf1
                0x20000184                EZI2C_curStatus
                0x20000188                EZI2C_dataBuffer1
                0x2000018c                EZI2C_bufSizeBuf1
                0x20000190                . = ALIGN (0x8)
 *fill*         0x2000018e        0x2 
 *(.ram.b)
                0x20000190                _end = .
                0x20000190                __end = .
                0x20000190                PROVIDE (end, .)
                0x20000190                PROVIDE (__bss_end__, .)
                0x00002d98                __cy_region_init_ram = LOADADDR (.data)
                0x00000080                __cy_region_init_size_ram = (_edata - ADDR (.data))
                0x00000060                __cy_region_zero_size_ram = (_end - _edata)

.heap           0x20000190       0x80 load address 0x00002e18
                0x20000190                . = _end
                0x20000210                . = (. + 0x80)
 *fill*         0x20000190       0x80 
                0x20000210                __cy_heap_limit = .

.stack          0x20000800      0x800
                0x20000800                __cy_stack_limit = .
                0x20001000                . = (. + 0x800)
 *fill*         0x20000800      0x800 
                0x00000001                ASSERT ((__cy_stack_limit >= __cy_heap_limit), region RAM overflowed with stack)
                0x00000000                cy_checksum_exclude_size = (CY_APPL_LOADABLE == 0x1)?SIZEOF (.cy_checksum_exclude):0x0
                0x00000001                ASSERT ((cy_checksum_exclude_size <= CY_CHECKSUM_EXCLUDE_SIZE), CY_BOOT: Section .cy_checksum_exclude size exceedes specified limit.)
                0x00007fc0                cyloadermeta_start = (cy_project_type_bootloader || cy_project_type_app_for_stack_and_copier)?(0x8000 - CY_METADATA_SIZE):0xf0000000

.cyloadermeta
 *(.cyloadermeta)
                0x00007fc0                cyloadablemeta_start = cy_project_type_app_for_stack_and_copier?((0x8000 - CY_FLASH_ROW_SIZE) - CY_METADATA_SIZE):((0x8000 - (CY_FLASH_ROW_SIZE * (CY_APPL_NUM - 0x1))) - CY_METADATA_SIZE)

.cyloadablemeta
 *(.cyloadablemeta)

.cyflashprotect
                0x90400000       0x20
 *(.cyflashprotect)
 .cyflashprotect
                0x90400000       0x20 .\CortexM0p\ARM_GCC_493\Debug\cymetadata.o
                0x90400000                cy_meta_flashprotect

.cymeta         0x90500000        0xc
 *(.cymeta)
 .cymeta        0x90500000        0xc .\CortexM0p\ARM_GCC_493\Debug\cymetadata.o
                0x90500000                cy_metadata

.cychipprotect  0x90600000        0x4
 *(.cychipprotect)
 .cychipprotect
                0x90600000        0x4 .\CortexM0p\ARM_GCC_493\Debug\cymetadata.o
                0x90600000                cy_meta_chipprotect

.rel.dyn        0x00002e18        0x0 load address 0x90600004
 .rel.iplt      0x00000000        0x0 c:/program files (x86)/cypress/psoc creator/4.0/psoc creator/import/gnu/arm/4.9.3/bin/../lib/gcc/arm-none-eabi/4.9.3/armv6-m/crtbegin.o

.stab
 *(.stab)

.stabstr
 *(.stabstr)

.debug
 *(.debug)

.line
 *(.line)

.debug_srcinfo
 *(.debug_srcinfo)

.debug_sfnames
 *(.debug_sfnames)

.debug_aranges  0x00000000      0x8b8
 *(.debug_aranges)
 .debug_aranges
                0x00000000       0x28 .\CortexM0p\ARM_GCC_493\Debug\main.o
 .debug_aranges
                0x00000028       0x18 .\CortexM0p\ARM_GCC_493\Debug\cymetadata.o
 .debug_aranges
                0x00000040       0x48 .\CortexM0p\ARM_GCC_493\Debug\Cm0plusStart.o
 .debug_aranges
                0x00000088       0x38 .\CortexM0p\ARM_GCC_493\Debug\CE211321_Temperature_Sensing.a(cyfitter_cfg.o)
 .debug_aranges
                0x000000c0       0x48 .\CortexM0p\ARM_GCC_493\Debug\CE211321_Temperature_Sensing.a(Pin_LED_Blue.o)
 .debug_aranges
                0x00000108       0x48 .\CortexM0p\ARM_GCC_493\Debug\CE211321_Temperature_Sensing.a(Pin_LED_Red.o)
 .debug_aranges
                0x00000150       0x28 .\CortexM0p\ARM_GCC_493\Debug\CE211321_Temperature_Sensing.a(Thermistor.o)
 .debug_aranges
                0x00000178       0x48 .\CortexM0p\ARM_GCC_493\Debug\CE211321_Temperature_Sensing.a(VrefBuffer.o)
 .debug_aranges
                0x000001c0       0xe8 .\CortexM0p\ARM_GCC_493\Debug\CE211321_Temperature_Sensing.a(ADC.o)
 .debug_aranges
                0x000002a8       0x18 .\CortexM0p\ARM_GCC_493\Debug\CE211321_Temperature_Sensing.a(ADC_INIT.o)
 .debug_aranges
                0x000002c0       0x20 .\CortexM0p\ARM_GCC_493\Debug\CE211321_Temperature_Sensing.a(ADC_INT.o)
 .debug_aranges
                0x000002e0       0x60 .\CortexM0p\ARM_GCC_493\Debug\CE211321_Temperature_Sensing.a(EZI2C.o)
 .debug_aranges
                0x00000340       0x50 .\CortexM0p\ARM_GCC_493\Debug\CE211321_Temperature_Sensing.a(EZI2C_EZI2C.o)
 .debug_aranges
                0x00000390       0x20 .\CortexM0p\ARM_GCC_493\Debug\CE211321_Temperature_Sensing.a(EZI2C_EZI2C_INT.o)
 .debug_aranges
                0x000003b0       0x48 .\CortexM0p\ARM_GCC_493\Debug\CE211321_Temperature_Sensing.a(PVref.o)
 .debug_aranges
                0x000003f8       0x40 .\CortexM0p\ARM_GCC_493\Debug\CE211321_Temperature_Sensing.a(ADC_intSarClock.o)
 .debug_aranges
                0x00000438       0x80 .\CortexM0p\ARM_GCC_493\Debug\CE211321_Temperature_Sensing.a(ADC_IRQ.o)
 .debug_aranges
                0x000004b8      0x1f8 .\CortexM0p\ARM_GCC_493\Debug\CE211321_Temperature_Sensing.a(CyLib.o)
 .debug_aranges
                0x000006b0      0x1a8 .\CortexM0p\ARM_GCC_493\Debug\CE211321_Temperature_Sensing.a(CyLFClk.o)
 .debug_aranges
                0x00000858       0x20 .\CortexM0p\ARM_GCC_493\Debug\CE211321_Temperature_Sensing.a(CyBootAsmGnu.o)
 .debug_aranges
                0x00000878       0x40 .\CortexM0p\ARM_GCC_493\Debug\CE211321_Temperature_Sensing.a(CyFlash.o)

.debug_pubnames
 *(.debug_pubnames)

.debug_info     0x00000000     0x49d3
 *(.debug_info .gnu.linkonce.wi.*)
 .debug_info    0x00000000      0x3da .\CortexM0p\ARM_GCC_493\Debug\main.o
 .debug_info    0x000003da       0xfe .\CortexM0p\ARM_GCC_493\Debug\cymetadata.o
 .debug_info    0x000004d8      0x399 .\CortexM0p\ARM_GCC_493\Debug\Cm0plusStart.o
 .debug_info    0x00000871      0x188 .\CortexM0p\ARM_GCC_493\Debug\CE211321_Temperature_Sensing.a(cyfitter_cfg.o)
 .debug_info    0x000009f9      0x19d .\CortexM0p\ARM_GCC_493\Debug\CE211321_Temperature_Sensing.a(Pin_LED_Blue.o)
 .debug_info    0x00000b96      0x19d .\CortexM0p\ARM_GCC_493\Debug\CE211321_Temperature_Sensing.a(Pin_LED_Red.o)
 .debug_info    0x00000d33      0x198 .\CortexM0p\ARM_GCC_493\Debug\CE211321_Temperature_Sensing.a(Thermistor.o)
 .debug_info    0x00000ecb      0x17c .\CortexM0p\ARM_GCC_493\Debug\CE211321_Temperature_Sensing.a(VrefBuffer.o)
 .debug_info    0x00001047      0xa2b .\CortexM0p\ARM_GCC_493\Debug\CE211321_Temperature_Sensing.a(ADC.o)
 .debug_info    0x00001a72      0x1ac .\CortexM0p\ARM_GCC_493\Debug\CE211321_Temperature_Sensing.a(ADC_INIT.o)
 .debug_info    0x00001c1e       0xc4 .\CortexM0p\ARM_GCC_493\Debug\CE211321_Temperature_Sensing.a(ADC_INT.o)
 .debug_info    0x00001ce2      0x297 .\CortexM0p\ARM_GCC_493\Debug\CE211321_Temperature_Sensing.a(EZI2C.o)
 .debug_info    0x00001f79      0x347 .\CortexM0p\ARM_GCC_493\Debug\CE211321_Temperature_Sensing.a(EZI2C_EZI2C.o)
 .debug_info    0x000022c0      0x1df .\CortexM0p\ARM_GCC_493\Debug\CE211321_Temperature_Sensing.a(EZI2C_EZI2C_INT.o)
 .debug_info    0x0000249f      0x15e .\CortexM0p\ARM_GCC_493\Debug\CE211321_Temperature_Sensing.a(PVref.o)
 .debug_info    0x000025fd      0x166 .\CortexM0p\ARM_GCC_493\Debug\CE211321_Temperature_Sensing.a(ADC_intSarClock.o)
 .debug_info    0x00002763      0x300 .\CortexM0p\ARM_GCC_493\Debug\CE211321_Temperature_Sensing.a(ADC_IRQ.o)
 .debug_info    0x00002a63      0xe21 .\CortexM0p\ARM_GCC_493\Debug\CE211321_Temperature_Sensing.a(CyLib.o)
 .debug_info    0x00003884      0xd04 .\CortexM0p\ARM_GCC_493\Debug\CE211321_Temperature_Sensing.a(CyLFClk.o)
 .debug_info    0x00004588       0xea .\CortexM0p\ARM_GCC_493\Debug\CE211321_Temperature_Sensing.a(CyBootAsmGnu.o)
 .debug_info    0x00004672      0x361 .\CortexM0p\ARM_GCC_493\Debug\CE211321_Temperature_Sensing.a(CyFlash.o)

.debug_abbrev   0x00000000     0x178f
 *(.debug_abbrev)
 .debug_abbrev  0x00000000      0x166 .\CortexM0p\ARM_GCC_493\Debug\main.o
 .debug_abbrev  0x00000166       0x5d .\CortexM0p\ARM_GCC_493\Debug\cymetadata.o
 .debug_abbrev  0x000001c3      0x1df .\CortexM0p\ARM_GCC_493\Debug\Cm0plusStart.o
 .debug_abbrev  0x000003a2      0x102 .\CortexM0p\ARM_GCC_493\Debug\CE211321_Temperature_Sensing.a(cyfitter_cfg.o)
 .debug_abbrev  0x000004a4       0xc8 .\CortexM0p\ARM_GCC_493\Debug\CE211321_Temperature_Sensing.a(Pin_LED_Blue.o)
 .debug_abbrev  0x0000056c       0xc8 .\CortexM0p\ARM_GCC_493\Debug\CE211321_Temperature_Sensing.a(Pin_LED_Red.o)
 .debug_abbrev  0x00000634       0xc4 .\CortexM0p\ARM_GCC_493\Debug\CE211321_Temperature_Sensing.a(Thermistor.o)
 .debug_abbrev  0x000006f8       0xc8 .\CortexM0p\ARM_GCC_493\Debug\CE211321_Temperature_Sensing.a(VrefBuffer.o)
 .debug_abbrev  0x000007c0      0x219 .\CortexM0p\ARM_GCC_493\Debug\CE211321_Temperature_Sensing.a(ADC.o)
 .debug_abbrev  0x000009d9       0x86 .\CortexM0p\ARM_GCC_493\Debug\CE211321_Temperature_Sensing.a(ADC_INIT.o)
 .debug_abbrev  0x00000a5f       0x65 .\CortexM0p\ARM_GCC_493\Debug\CE211321_Temperature_Sensing.a(ADC_INT.o)
 .debug_abbrev  0x00000ac4      0x143 .\CortexM0p\ARM_GCC_493\Debug\CE211321_Temperature_Sensing.a(EZI2C.o)
 .debug_abbrev  0x00000c07      0x170 .\CortexM0p\ARM_GCC_493\Debug\CE211321_Temperature_Sensing.a(EZI2C_EZI2C.o)
 .debug_abbrev  0x00000d77       0xc6 .\CortexM0p\ARM_GCC_493\Debug\CE211321_Temperature_Sensing.a(EZI2C_EZI2C_INT.o)
 .debug_abbrev  0x00000e3d       0xaa .\CortexM0p\ARM_GCC_493\Debug\CE211321_Temperature_Sensing.a(PVref.o)
 .debug_abbrev  0x00000ee7       0xb7 .\CortexM0p\ARM_GCC_493\Debug\CE211321_Temperature_Sensing.a(ADC_intSarClock.o)
 .debug_abbrev  0x00000f9e      0x1b4 .\CortexM0p\ARM_GCC_493\Debug\CE211321_Temperature_Sensing.a(ADC_IRQ.o)
 .debug_abbrev  0x00001152      0x236 .\CortexM0p\ARM_GCC_493\Debug\CE211321_Temperature_Sensing.a(CyLib.o)
 .debug_abbrev  0x00001388      0x232 .\CortexM0p\ARM_GCC_493\Debug\CE211321_Temperature_Sensing.a(CyLFClk.o)
 .debug_abbrev  0x000015ba       0x14 .\CortexM0p\ARM_GCC_493\Debug\CE211321_Temperature_Sensing.a(CyBootAsmGnu.o)
 .debug_abbrev  0x000015ce      0x1c1 .\CortexM0p\ARM_GCC_493\Debug\CE211321_Temperature_Sensing.a(CyFlash.o)

.debug_line     0x00000000     0x1fb2
 *(.debug_line)
 .debug_line    0x00000000      0x110 .\CortexM0p\ARM_GCC_493\Debug\main.o
 .debug_line    0x00000110       0x51 .\CortexM0p\ARM_GCC_493\Debug\cymetadata.o
 .debug_line    0x00000161      0x260 .\CortexM0p\ARM_GCC_493\Debug\Cm0plusStart.o
 .debug_line    0x000003c1       0xd3 .\CortexM0p\ARM_GCC_493\Debug\CE211321_Temperature_Sensing.a(cyfitter_cfg.o)
 .debug_line    0x00000494       0xc4 .\CortexM0p\ARM_GCC_493\Debug\CE211321_Temperature_Sensing.a(Pin_LED_Blue.o)
 .debug_line    0x00000558       0xc3 .\CortexM0p\ARM_GCC_493\Debug\CE211321_Temperature_Sensing.a(Pin_LED_Red.o)
 .debug_line    0x0000061b       0xbe .\CortexM0p\ARM_GCC_493\Debug\CE211321_Temperature_Sensing.a(Thermistor.o)
 .debug_line    0x000006d9       0xc6 .\CortexM0p\ARM_GCC_493\Debug\CE211321_Temperature_Sensing.a(VrefBuffer.o)
 .debug_line    0x0000079f      0x3b2 .\CortexM0p\ARM_GCC_493\Debug\CE211321_Temperature_Sensing.a(ADC.o)
 .debug_line    0x00000b51       0x58 .\CortexM0p\ARM_GCC_493\Debug\CE211321_Temperature_Sensing.a(ADC_INIT.o)
 .debug_line    0x00000ba9       0x62 .\CortexM0p\ARM_GCC_493\Debug\CE211321_Temperature_Sensing.a(ADC_INT.o)
 .debug_line    0x00000c0b      0x128 .\CortexM0p\ARM_GCC_493\Debug\CE211321_Temperature_Sensing.a(EZI2C.o)
 .debug_line    0x00000d33      0x103 .\CortexM0p\ARM_GCC_493\Debug\CE211321_Temperature_Sensing.a(EZI2C_EZI2C.o)
 .debug_line    0x00000e36      0x137 .\CortexM0p\ARM_GCC_493\Debug\CE211321_Temperature_Sensing.a(EZI2C_EZI2C_INT.o)
 .debug_line    0x00000f6d       0xbf .\CortexM0p\ARM_GCC_493\Debug\CE211321_Temperature_Sensing.a(PVref.o)
 .debug_line    0x0000102c       0xc4 .\CortexM0p\ARM_GCC_493\Debug\CE211321_Temperature_Sensing.a(ADC_intSarClock.o)
 .debug_line    0x000010f0      0x153 .\CortexM0p\ARM_GCC_493\Debug\CE211321_Temperature_Sensing.a(ADC_IRQ.o)
 .debug_line    0x00001243      0x5ca .\CortexM0p\ARM_GCC_493\Debug\CE211321_Temperature_Sensing.a(CyLib.o)
 .debug_line    0x0000180d      0x5c1 .\CortexM0p\ARM_GCC_493\Debug\CE211321_Temperature_Sensing.a(CyLFClk.o)
 .debug_line    0x00001dce       0x68 .\CortexM0p\ARM_GCC_493\Debug\CE211321_Temperature_Sensing.a(CyBootAsmGnu.o)
 .debug_line    0x00001e36      0x17c .\CortexM0p\ARM_GCC_493\Debug\CE211321_Temperature_Sensing.a(CyFlash.o)

.debug_frame    0x00000000     0x162c
 *(.debug_frame)
 .debug_frame   0x00000000       0x54 .\CortexM0p\ARM_GCC_493\Debug\main.o
 .debug_frame   0x00000054       0xbc .\CortexM0p\ARM_GCC_493\Debug\Cm0plusStart.o
 .debug_frame   0x00000110       0x74 .\CortexM0p\ARM_GCC_493\Debug\CE211321_Temperature_Sensing.a(cyfitter_cfg.o)
 .debug_frame   0x00000184       0x70 .\CortexM0p\ARM_GCC_493\Debug\CE211321_Temperature_Sensing.a(Pin_LED_Blue.o)
 .debug_frame   0x000001f4       0x70 .\CortexM0p\ARM_GCC_493\Debug\CE211321_Temperature_Sensing.a(Pin_LED_Red.o)
 .debug_frame   0x00000264       0x48 .\CortexM0p\ARM_GCC_493\Debug\CE211321_Temperature_Sensing.a(Thermistor.o)
 .debug_frame   0x000002ac       0x7c .\CortexM0p\ARM_GCC_493\Debug\CE211321_Temperature_Sensing.a(VrefBuffer.o)
 .debug_frame   0x00000328      0x298 .\CortexM0p\ARM_GCC_493\Debug\CE211321_Temperature_Sensing.a(ADC.o)
 .debug_frame   0x000005c0       0x20 .\CortexM0p\ARM_GCC_493\Debug\CE211321_Temperature_Sensing.a(ADC_INT.o)
 .debug_frame   0x000005e0       0xe8 .\CortexM0p\ARM_GCC_493\Debug\CE211321_Temperature_Sensing.a(EZI2C.o)
 .debug_frame   0x000006c8       0xa8 .\CortexM0p\ARM_GCC_493\Debug\CE211321_Temperature_Sensing.a(EZI2C_EZI2C.o)
 .debug_frame   0x00000770       0x30 .\CortexM0p\ARM_GCC_493\Debug\CE211321_Temperature_Sensing.a(EZI2C_EZI2C_INT.o)
 .debug_frame   0x000007a0       0x7c .\CortexM0p\ARM_GCC_493\Debug\CE211321_Temperature_Sensing.a(PVref.o)
 .debug_frame   0x0000081c       0x6c .\CortexM0p\ARM_GCC_493\Debug\CE211321_Temperature_Sensing.a(ADC_intSarClock.o)
 .debug_frame   0x00000888      0x110 .\CortexM0p\ARM_GCC_493\Debug\CE211321_Temperature_Sensing.a(ADC_IRQ.o)
 .debug_frame   0x00000998      0x4ec .\CortexM0p\ARM_GCC_493\Debug\CE211321_Temperature_Sensing.a(CyLib.o)
 .debug_frame   0x00000e84      0x484 .\CortexM0p\ARM_GCC_493\Debug\CE211321_Temperature_Sensing.a(CyLFClk.o)
 .debug_frame   0x00001308       0x88 .\CortexM0p\ARM_GCC_493\Debug\CE211321_Temperature_Sensing.a(CyFlash.o)
 .debug_frame   0x00001390       0x20 c:/program files (x86)/cypress/psoc creator/4.0/psoc creator/import/gnu/arm/4.9.3/bin/../lib/gcc/arm-none-eabi/4.9.3/armv6-m\libgcc.a(_udivsi3.o)
 .debug_frame   0x000013b0       0x20 c:/program files (x86)/cypress/psoc creator/4.0/psoc creator/import/gnu/arm/4.9.3/bin/../lib/gcc/arm-none-eabi/4.9.3/armv6-m\libgcc.a(_divsi3.o)
 .debug_frame   0x000013d0       0x34 c:/program files (x86)/cypress/psoc creator/4.0/psoc creator/import/gnu/arm/4.9.3/bin/../lib/gcc/arm-none-eabi/4.9.3/armv6-m\libgcc.a(_muldi3.o)
 .debug_frame   0x00001404       0x50 c:/program files (x86)/cypress/psoc creator/4.0/psoc creator/import/gnu/arm/4.9.3/bin/../lib/gcc/arm-none-eabi/4.9.3/armv6-m\libgcc.a(bpabi.o)
 .debug_frame   0x00001454       0x3c c:/program files (x86)/cypress/psoc creator/4.0/psoc creator/import/gnu/arm/4.9.3/bin/../lib/gcc/arm-none-eabi/4.9.3/armv6-m\libgcc.a(divsf3.o)
 .debug_frame   0x00001490       0x3c c:/program files (x86)/cypress/psoc creator/4.0/psoc creator/import/gnu/arm/4.9.3/bin/../lib/gcc/arm-none-eabi/4.9.3/armv6-m\libgcc.a(mulsf3.o)
 .debug_frame   0x000014cc       0x2c c:/program files (x86)/cypress/psoc creator/4.0/psoc creator/import/gnu/arm/4.9.3/bin/../lib/gcc/arm-none-eabi/4.9.3/armv6-m\libgcc.a(floatsisf.o)
 .debug_frame   0x000014f8       0x3c c:/program files (x86)/cypress/psoc creator/4.0/psoc creator/import/gnu/arm/4.9.3/bin/../lib/gcc/arm-none-eabi/4.9.3/armv6-m\libgcc.a(_divdi3.o)
 .debug_frame   0x00001534       0x3c c:/program files (x86)/cypress/psoc creator/4.0/psoc creator/import/gnu/arm/4.9.3/bin/../lib/gcc/arm-none-eabi/4.9.3/armv6-m\libgcc.a(_udivdi3.o)
 .debug_frame   0x00001570       0x20 c:/program files (x86)/cypress/psoc creator/4.0/psoc creator/import/gnu/arm/4.9.3/bin/../lib/gcc/arm-none-eabi/4.9.3/../../../../arm-none-eabi/lib/armv6-m\libg_nano.a(lib_a-errno.o)
 .debug_frame   0x00001590       0x28 c:/program files (x86)/cypress/psoc creator/4.0/psoc creator/import/gnu/arm/4.9.3/bin/../lib/gcc/arm-none-eabi/4.9.3/../../../../arm-none-eabi/lib/armv6-m\libg_nano.a(lib_a-exit.o)
 .debug_frame   0x000015b8       0x2c c:/program files (x86)/cypress/psoc creator/4.0/psoc creator/import/gnu/arm/4.9.3/bin/../lib/gcc/arm-none-eabi/4.9.3/../../../../arm-none-eabi/lib/armv6-m\libg_nano.a(lib_a-init.o)
 .debug_frame   0x000015e4       0x28 c:/program files (x86)/cypress/psoc creator/4.0/psoc creator/import/gnu/arm/4.9.3/bin/../lib/gcc/arm-none-eabi/4.9.3/../../../../arm-none-eabi/lib/armv6-m\libg_nano.a(lib_a-memcpy.o)
 .debug_frame   0x0000160c       0x20 c:/program files (x86)/cypress/psoc creator/4.0/psoc creator/import/gnu/arm/4.9.3/bin/../lib/gcc/arm-none-eabi/4.9.3/../../../../arm-none-eabi/lib/armv6-m\libg_nano.a(lib_a-memset.o)

.debug_str      0x00000000     0x1fbb
 *(.debug_str)
 .debug_str     0x00000000      0x377 .\CortexM0p\ARM_GCC_493\Debug\main.o
                                0x3b6 (size before relaxing)
 .debug_str     0x00000377       0x59 .\CortexM0p\ARM_GCC_493\Debug\cymetadata.o
                                0x22c (size before relaxing)
 .debug_str     0x000003d0      0x168 .\CortexM0p\ARM_GCC_493\Debug\Cm0plusStart.o
                                0x361 (size before relaxing)
 .debug_str     0x00000538       0x9b .\CortexM0p\ARM_GCC_493\Debug\CE211321_Temperature_Sensing.a(cyfitter_cfg.o)
                                0x282 (size before relaxing)
 .debug_str     0x000005d3       0xd4 .\CortexM0p\ARM_GCC_493\Debug\CE211321_Temperature_Sensing.a(Pin_LED_Blue.o)
                                0x2c5 (size before relaxing)
 .debug_str     0x000006a7       0x9f .\CortexM0p\ARM_GCC_493\Debug\CE211321_Temperature_Sensing.a(Pin_LED_Red.o)
                                0x2be (size before relaxing)
 .debug_str     0x00000746       0x66 .\CortexM0p\ARM_GCC_493\Debug\CE211321_Temperature_Sensing.a(Thermistor.o)
                                0x280 (size before relaxing)
 .debug_str     0x000007ac       0xb9 .\CortexM0p\ARM_GCC_493\Debug\CE211321_Temperature_Sensing.a(VrefBuffer.o)
                                0x2a1 (size before relaxing)
 .debug_str     0x00000865      0x433 .\CortexM0p\ARM_GCC_493\Debug\CE211321_Temperature_Sensing.a(ADC.o)
                                0x692 (size before relaxing)
 .debug_str     0x00000c98       0x22 .\CortexM0p\ARM_GCC_493\Debug\CE211321_Temperature_Sensing.a(ADC_INIT.o)
                                0x2d0 (size before relaxing)
 .debug_str     0x00000cba       0x35 .\CortexM0p\ARM_GCC_493\Debug\CE211321_Temperature_Sensing.a(ADC_INT.o)
                                0x20f (size before relaxing)
 .debug_str     0x00000cef      0x144 .\CortexM0p\ARM_GCC_493\Debug\CE211321_Temperature_Sensing.a(EZI2C.o)
                                0x330 (size before relaxing)
 .debug_str     0x00000e33      0x10e .\CortexM0p\ARM_GCC_493\Debug\CE211321_Temperature_Sensing.a(EZI2C_EZI2C.o)
                                0x397 (size before relaxing)
 .debug_str     0x00000f41       0x97 .\CortexM0p\ARM_GCC_493\Debug\CE211321_Temperature_Sensing.a(EZI2C_EZI2C_INT.o)
                                0x320 (size before relaxing)
 .debug_str     0x00000fd8       0x76 .\CortexM0p\ARM_GCC_493\Debug\CE211321_Temperature_Sensing.a(PVref.o)
                                0x266 (size before relaxing)
 .debug_str     0x0000104e       0xcf .\CortexM0p\ARM_GCC_493\Debug\CE211321_Temperature_Sensing.a(ADC_intSarClock.o)
                                0x2e5 (size before relaxing)
 .debug_str     0x0000111d      0x10a .\CortexM0p\ARM_GCC_493\Debug\CE211321_Temperature_Sensing.a(ADC_IRQ.o)
                                0x358 (size before relaxing)
 .debug_str     0x00001227      0x64b .\CortexM0p\ARM_GCC_493\Debug\CE211321_Temperature_Sensing.a(CyLib.o)
                                0x91f (size before relaxing)
 .debug_str     0x00001872      0x63d .\CortexM0p\ARM_GCC_493\Debug\CE211321_Temperature_Sensing.a(CyLFClk.o)
                                0x8eb (size before relaxing)
 .debug_str     0x00001eaf      0x10c .\CortexM0p\ARM_GCC_493\Debug\CE211321_Temperature_Sensing.a(CyFlash.o)
                                0x35c (size before relaxing)

.debug_loc      0x00000000     0x2565
 *(.debug_loc)
 .debug_loc     0x00000000       0xd6 .\CortexM0p\ARM_GCC_493\Debug\main.o
 .debug_loc     0x000000d6      0x14f .\CortexM0p\ARM_GCC_493\Debug\Cm0plusStart.o
 .debug_loc     0x00000225       0x1e .\CortexM0p\ARM_GCC_493\Debug\CE211321_Temperature_Sensing.a(cyfitter_cfg.o)
 .debug_loc     0x00000243       0xa2 .\CortexM0p\ARM_GCC_493\Debug\CE211321_Temperature_Sensing.a(Pin_LED_Blue.o)
 .debug_loc     0x000002e5       0xa2 .\CortexM0p\ARM_GCC_493\Debug\CE211321_Temperature_Sensing.a(Pin_LED_Red.o)
 .debug_loc     0x00000387      0x15a .\CortexM0p\ARM_GCC_493\Debug\CE211321_Temperature_Sensing.a(Thermistor.o)
 .debug_loc     0x000004e1       0x21 .\CortexM0p\ARM_GCC_493\Debug\CE211321_Temperature_Sensing.a(VrefBuffer.o)
 .debug_loc     0x00000502      0x882 .\CortexM0p\ARM_GCC_493\Debug\CE211321_Temperature_Sensing.a(ADC.o)
 .debug_loc     0x00000d84       0x7e .\CortexM0p\ARM_GCC_493\Debug\CE211321_Temperature_Sensing.a(EZI2C.o)
 .debug_loc     0x00000e02       0xe1 .\CortexM0p\ARM_GCC_493\Debug\CE211321_Temperature_Sensing.a(EZI2C_EZI2C.o)
 .debug_loc     0x00000ee3      0x132 .\CortexM0p\ARM_GCC_493\Debug\CE211321_Temperature_Sensing.a(EZI2C_EZI2C_INT.o)
 .debug_loc     0x00001015       0x21 .\CortexM0p\ARM_GCC_493\Debug\CE211321_Temperature_Sensing.a(PVref.o)
 .debug_loc     0x00001036       0x76 .\CortexM0p\ARM_GCC_493\Debug\CE211321_Temperature_Sensing.a(ADC_intSarClock.o)
 .debug_loc     0x000010ac       0x82 .\CortexM0p\ARM_GCC_493\Debug\CE211321_Temperature_Sensing.a(ADC_IRQ.o)
 .debug_loc     0x0000112e      0x872 .\CortexM0p\ARM_GCC_493\Debug\CE211321_Temperature_Sensing.a(CyLib.o)
 .debug_loc     0x000019a0      0xa81 .\CortexM0p\ARM_GCC_493\Debug\CE211321_Temperature_Sensing.a(CyLFClk.o)
 .debug_loc     0x00002421      0x144 .\CortexM0p\ARM_GCC_493\Debug\CE211321_Temperature_Sensing.a(CyFlash.o)

.debug_macinfo
 *(.debug_macinfo)

.debug_ranges   0x00000000      0x748
 *(.debug_ranges)
 .debug_ranges  0x00000000       0x18 .\CortexM0p\ARM_GCC_493\Debug\main.o
 .debug_ranges  0x00000018       0x38 .\CortexM0p\ARM_GCC_493\Debug\Cm0plusStart.o
 .debug_ranges  0x00000050       0x28 .\CortexM0p\ARM_GCC_493\Debug\CE211321_Temperature_Sensing.a(cyfitter_cfg.o)
 .debug_ranges  0x00000078       0x38 .\CortexM0p\ARM_GCC_493\Debug\CE211321_Temperature_Sensing.a(Pin_LED_Blue.o)
 .debug_ranges  0x000000b0       0x38 .\CortexM0p\ARM_GCC_493\Debug\CE211321_Temperature_Sensing.a(Pin_LED_Red.o)
 .debug_ranges  0x000000e8       0x18 .\CortexM0p\ARM_GCC_493\Debug\CE211321_Temperature_Sensing.a(Thermistor.o)
 .debug_ranges  0x00000100       0x38 .\CortexM0p\ARM_GCC_493\Debug\CE211321_Temperature_Sensing.a(VrefBuffer.o)
 .debug_ranges  0x00000138       0xd8 .\CortexM0p\ARM_GCC_493\Debug\CE211321_Temperature_Sensing.a(ADC.o)
 .debug_ranges  0x00000210       0x10 .\CortexM0p\ARM_GCC_493\Debug\CE211321_Temperature_Sensing.a(ADC_INT.o)
 .debug_ranges  0x00000220       0x50 .\CortexM0p\ARM_GCC_493\Debug\CE211321_Temperature_Sensing.a(EZI2C.o)
 .debug_ranges  0x00000270       0x40 .\CortexM0p\ARM_GCC_493\Debug\CE211321_Temperature_Sensing.a(EZI2C_EZI2C.o)
 .debug_ranges  0x000002b0       0x10 .\CortexM0p\ARM_GCC_493\Debug\CE211321_Temperature_Sensing.a(EZI2C_EZI2C_INT.o)
 .debug_ranges  0x000002c0       0x38 .\CortexM0p\ARM_GCC_493\Debug\CE211321_Temperature_Sensing.a(PVref.o)
 .debug_ranges  0x000002f8       0x30 .\CortexM0p\ARM_GCC_493\Debug\CE211321_Temperature_Sensing.a(ADC_intSarClock.o)
 .debug_ranges  0x00000328       0x70 .\CortexM0p\ARM_GCC_493\Debug\CE211321_Temperature_Sensing.a(ADC_IRQ.o)
 .debug_ranges  0x00000398      0x1e8 .\CortexM0p\ARM_GCC_493\Debug\CE211321_Temperature_Sensing.a(CyLib.o)
 .debug_ranges  0x00000580      0x198 .\CortexM0p\ARM_GCC_493\Debug\CE211321_Temperature_Sensing.a(CyLFClk.o)
 .debug_ranges  0x00000718       0x30 .\CortexM0p\ARM_GCC_493\Debug\CE211321_Temperature_Sensing.a(CyFlash.o)

.comment        0x00000000       0x70
 .comment       0x00000000       0x70 .\CortexM0p\ARM_GCC_493\Debug\main.o
                                 0x71 (size before relaxing)
 .comment       0x00000000       0x71 .\CortexM0p\ARM_GCC_493\Debug\cymetadata.o
 .comment       0x00000000       0x71 .\CortexM0p\ARM_GCC_493\Debug\Cm0plusStart.o
 .comment       0x00000000       0x71 .\CortexM0p\ARM_GCC_493\Debug\CE211321_Temperature_Sensing.a(cyfitter_cfg.o)
 .comment       0x00000000       0x71 .\CortexM0p\ARM_GCC_493\Debug\CE211321_Temperature_Sensing.a(Pin_LED_Blue.o)
 .comment       0x00000000       0x71 .\CortexM0p\ARM_GCC_493\Debug\CE211321_Temperature_Sensing.a(Pin_LED_Red.o)
 .comment       0x00000000       0x71 .\CortexM0p\ARM_GCC_493\Debug\CE211321_Temperature_Sensing.a(Thermistor.o)
 .comment       0x00000000       0x71 .\CortexM0p\ARM_GCC_493\Debug\CE211321_Temperature_Sensing.a(VrefBuffer.o)
 .comment       0x00000000       0x71 .\CortexM0p\ARM_GCC_493\Debug\CE211321_Temperature_Sensing.a(ADC.o)
 .comment       0x00000000       0x71 .\CortexM0p\ARM_GCC_493\Debug\CE211321_Temperature_Sensing.a(ADC_INIT.o)
 .comment       0x00000000       0x71 .\CortexM0p\ARM_GCC_493\Debug\CE211321_Temperature_Sensing.a(ADC_INT.o)
 .comment       0x00000000       0x71 .\CortexM0p\ARM_GCC_493\Debug\CE211321_Temperature_Sensing.a(EZI2C.o)
 .comment       0x00000000       0x71 .\CortexM0p\ARM_GCC_493\Debug\CE211321_Temperature_Sensing.a(EZI2C_EZI2C.o)
 .comment       0x00000000       0x71 .\CortexM0p\ARM_GCC_493\Debug\CE211321_Temperature_Sensing.a(EZI2C_EZI2C_INT.o)
 .comment       0x00000000       0x71 .\CortexM0p\ARM_GCC_493\Debug\CE211321_Temperature_Sensing.a(PVref.o)
 .comment       0x00000000       0x71 .\CortexM0p\ARM_GCC_493\Debug\CE211321_Temperature_Sensing.a(ADC_intSarClock.o)
 .comment       0x00000000       0x71 .\CortexM0p\ARM_GCC_493\Debug\CE211321_Temperature_Sensing.a(ADC_IRQ.o)
 .comment       0x00000000       0x71 .\CortexM0p\ARM_GCC_493\Debug\CE211321_Temperature_Sensing.a(CyLib.o)
 .comment       0x00000000       0x71 .\CortexM0p\ARM_GCC_493\Debug\CE211321_Temperature_Sensing.a(CyLFClk.o)
 .comment       0x00000000       0x71 .\CortexM0p\ARM_GCC_493\Debug\CE211321_Temperature_Sensing.a(CyFlash.o)

.debug_weaknames
 *(.debug_weaknames)

.debug_funcnames
 *(.debug_funcnames)

.debug_typenames
 *(.debug_typenames)

.debug_varnames
 *(.debug_varnames)

.note.gnu.arm.ident
 *(.note.gnu.arm.ident)

.ARM.attributes
                0x00000000       0x28
 *(.ARM.attributes)
 .ARM.attributes
                0x00000000       0x1e c:/program files (x86)/cypress/psoc creator/4.0/psoc creator/import/gnu/arm/4.9.3/bin/../lib/gcc/arm-none-eabi/4.9.3/armv6-m/crti.o
 .ARM.attributes
                0x0000001e       0x2c c:/program files (x86)/cypress/psoc creator/4.0/psoc creator/import/gnu/arm/4.9.3/bin/../lib/gcc/arm-none-eabi/4.9.3/armv6-m/crtbegin.o
 .ARM.attributes
                0x0000004a       0x1b c:/program files (x86)/cypress/psoc creator/4.0/psoc creator/import/gnu/arm/4.9.3/bin/../lib/gcc/arm-none-eabi/4.9.3/../../../../arm-none-eabi/lib/armv6-m/crt0.o
 .ARM.attributes
                0x00000065       0x32 .\CortexM0p\ARM_GCC_493\Debug\main.o
 .ARM.attributes
                0x00000097       0x32 .\CortexM0p\ARM_GCC_493\Debug\cymetadata.o
 .ARM.attributes
                0x000000c9       0x32 .\CortexM0p\ARM_GCC_493\Debug\Cm0plusStart.o
 .ARM.attributes
                0x000000fb       0x32 .\CortexM0p\ARM_GCC_493\Debug\CE211321_Temperature_Sensing.a(cyfitter_cfg.o)
 .ARM.attributes
                0x0000012d       0x32 .\CortexM0p\ARM_GCC_493\Debug\CE211321_Temperature_Sensing.a(Pin_LED_Blue.o)
 .ARM.attributes
                0x0000015f       0x32 .\CortexM0p\ARM_GCC_493\Debug\CE211321_Temperature_Sensing.a(Pin_LED_Red.o)
 .ARM.attributes
                0x00000191       0x32 .\CortexM0p\ARM_GCC_493\Debug\CE211321_Temperature_Sensing.a(Thermistor.o)
 .ARM.attributes
                0x000001c3       0x32 .\CortexM0p\ARM_GCC_493\Debug\CE211321_Temperature_Sensing.a(VrefBuffer.o)
 .ARM.attributes
                0x000001f5       0x32 .\CortexM0p\ARM_GCC_493\Debug\CE211321_Temperature_Sensing.a(ADC.o)
 .ARM.attributes
                0x00000227       0x32 .\CortexM0p\ARM_GCC_493\Debug\CE211321_Temperature_Sensing.a(ADC_INIT.o)
 .ARM.attributes
                0x00000259       0x32 .\CortexM0p\ARM_GCC_493\Debug\CE211321_Temperature_Sensing.a(ADC_INT.o)
 .ARM.attributes
                0x0000028b       0x32 .\CortexM0p\ARM_GCC_493\Debug\CE211321_Temperature_Sensing.a(EZI2C.o)
 .ARM.attributes
                0x000002bd       0x32 .\CortexM0p\ARM_GCC_493\Debug\CE211321_Temperature_Sensing.a(EZI2C_EZI2C.o)
 .ARM.attributes
                0x000002ef       0x32 .\CortexM0p\ARM_GCC_493\Debug\CE211321_Temperature_Sensing.a(EZI2C_EZI2C_INT.o)
 .ARM.attributes
                0x00000321       0x32 .\CortexM0p\ARM_GCC_493\Debug\CE211321_Temperature_Sensing.a(PVref.o)
 .ARM.attributes
                0x00000353       0x32 .\CortexM0p\ARM_GCC_493\Debug\CE211321_Temperature_Sensing.a(ADC_intSarClock.o)
 .ARM.attributes
                0x00000385       0x32 .\CortexM0p\ARM_GCC_493\Debug\CE211321_Temperature_Sensing.a(ADC_IRQ.o)
 .ARM.attributes
                0x000003b7       0x32 .\CortexM0p\ARM_GCC_493\Debug\CE211321_Temperature_Sensing.a(CyLib.o)
 .ARM.attributes
                0x000003e9       0x32 .\CortexM0p\ARM_GCC_493\Debug\CE211321_Temperature_Sensing.a(CyLFClk.o)
 .ARM.attributes
                0x0000041b       0x22 .\CortexM0p\ARM_GCC_493\Debug\CE211321_Temperature_Sensing.a(CyBootAsmGnu.o)
 .ARM.attributes
                0x0000043d       0x32 .\CortexM0p\ARM_GCC_493\Debug\CE211321_Temperature_Sensing.a(CyFlash.o)
 .ARM.attributes
                0x0000046f       0x1e c:/program files (x86)/cypress/psoc creator/4.0/psoc creator/import/gnu/arm/4.9.3/bin/../lib/gcc/arm-none-eabi/4.9.3/armv6-m\libgcc.a(_udivsi3.o)
 .ARM.attributes
                0x0000048d       0x1e c:/program files (x86)/cypress/psoc creator/4.0/psoc creator/import/gnu/arm/4.9.3/bin/../lib/gcc/arm-none-eabi/4.9.3/armv6-m\libgcc.a(_divsi3.o)
 .ARM.attributes
                0x000004ab       0x1e c:/program files (x86)/cypress/psoc creator/4.0/psoc creator/import/gnu/arm/4.9.3/bin/../lib/gcc/arm-none-eabi/4.9.3/armv6-m\libgcc.a(_dvmd_tls.o)
 .ARM.attributes
                0x000004c9       0x1e c:/program files (x86)/cypress/psoc creator/4.0/psoc creator/import/gnu/arm/4.9.3/bin/../lib/gcc/arm-none-eabi/4.9.3/armv6-m\libgcc.a(_aeabi_ldivmod.o)
 .ARM.attributes
                0x000004e7       0x2c c:/program files (x86)/cypress/psoc creator/4.0/psoc creator/import/gnu/arm/4.9.3/bin/../lib/gcc/arm-none-eabi/4.9.3/armv6-m\libgcc.a(_muldi3.o)
 .ARM.attributes
                0x00000513       0x2c c:/program files (x86)/cypress/psoc creator/4.0/psoc creator/import/gnu/arm/4.9.3/bin/../lib/gcc/arm-none-eabi/4.9.3/armv6-m\libgcc.a(bpabi.o)
 .ARM.attributes
                0x0000053f       0x2c c:/program files (x86)/cypress/psoc creator/4.0/psoc creator/import/gnu/arm/4.9.3/bin/../lib/gcc/arm-none-eabi/4.9.3/armv6-m\libgcc.a(divsf3.o)
 .ARM.attributes
                0x0000056b       0x2c c:/program files (x86)/cypress/psoc creator/4.0/psoc creator/import/gnu/arm/4.9.3/bin/../lib/gcc/arm-none-eabi/4.9.3/armv6-m\libgcc.a(mulsf3.o)
 .ARM.attributes
                0x00000597       0x2c c:/program files (x86)/cypress/psoc creator/4.0/psoc creator/import/gnu/arm/4.9.3/bin/../lib/gcc/arm-none-eabi/4.9.3/armv6-m\libgcc.a(floatsisf.o)
 .ARM.attributes
                0x000005c3       0x1e c:/program files (x86)/cypress/psoc creator/4.0/psoc creator/import/gnu/arm/4.9.3/bin/../lib/gcc/arm-none-eabi/4.9.3/armv6-m\libgcc.a(_clzsi2.o)
 .ARM.attributes
                0x000005e1       0x2c c:/program files (x86)/cypress/psoc creator/4.0/psoc creator/import/gnu/arm/4.9.3/bin/../lib/gcc/arm-none-eabi/4.9.3/armv6-m\libgcc.a(_divdi3.o)
 .ARM.attributes
                0x0000060d       0x2c c:/program files (x86)/cypress/psoc creator/4.0/psoc creator/import/gnu/arm/4.9.3/bin/../lib/gcc/arm-none-eabi/4.9.3/armv6-m\libgcc.a(_udivdi3.o)
 .ARM.attributes
                0x00000639       0x1e c:/program files (x86)/cypress/psoc creator/4.0/psoc creator/import/gnu/arm/4.9.3/bin/../lib/gcc/arm-none-eabi/4.9.3/armv6-m\libgcc.a(_clzdi2.o)
 .ARM.attributes
                0x00000657       0x2c c:/program files (x86)/cypress/psoc creator/4.0/psoc creator/import/gnu/arm/4.9.3/bin/../lib/gcc/arm-none-eabi/4.9.3/../../../../arm-none-eabi/lib/armv6-m\libg_nano.a(lib_a-errno.o)
 .ARM.attributes
                0x00000683       0x2c c:/program files (x86)/cypress/psoc creator/4.0/psoc creator/import/gnu/arm/4.9.3/bin/../lib/gcc/arm-none-eabi/4.9.3/../../../../arm-none-eabi/lib/armv6-m\libg_nano.a(lib_a-exit.o)
 .ARM.attributes
                0x000006af       0x2c c:/program files (x86)/cypress/psoc creator/4.0/psoc creator/import/gnu/arm/4.9.3/bin/../lib/gcc/arm-none-eabi/4.9.3/../../../../arm-none-eabi/lib/armv6-m\libg_nano.a(lib_a-impure.o)
 .ARM.attributes
                0x000006db       0x2c c:/program files (x86)/cypress/psoc creator/4.0/psoc creator/import/gnu/arm/4.9.3/bin/../lib/gcc/arm-none-eabi/4.9.3/../../../../arm-none-eabi/lib/armv6-m\libg_nano.a(lib_a-init.o)
 .ARM.attributes
                0x00000707       0x2c c:/program files (x86)/cypress/psoc creator/4.0/psoc creator/import/gnu/arm/4.9.3/bin/../lib/gcc/arm-none-eabi/4.9.3/../../../../arm-none-eabi/lib/armv6-m\libg_nano.a(lib_a-memcpy.o)
 .ARM.attributes
                0x00000733       0x2c c:/program files (x86)/cypress/psoc creator/4.0/psoc creator/import/gnu/arm/4.9.3/bin/../lib/gcc/arm-none-eabi/4.9.3/../../../../arm-none-eabi/lib/armv6-m\libg_nano.a(lib_a-memset.o)
 .ARM.attributes
                0x0000075f       0x2c c:/program files (x86)/cypress/psoc creator/4.0/psoc creator/import/gnu/arm/4.9.3/bin/../lib/gcc/arm-none-eabi/4.9.3/armv6-m/crtend.o
 .ARM.attributes
                0x0000078b       0x1e c:/program files (x86)/cypress/psoc creator/4.0/psoc creator/import/gnu/arm/4.9.3/bin/../lib/gcc/arm-none-eabi/4.9.3/armv6-m/crtn.o

/DISCARD/
 *(.note.GNU-stack)
OUTPUT(.\CortexM0p\ARM_GCC_493\Debug\CE211321_Temperature_Sensing.elf elf32-littlearm)
