ARM GAS  C:\Users\BILLSH~1\AppData\Local\Temp\cckd2FKO.s 			page 1


   1              		.cpu cortex-m0plus
   2              		.fpu softvfp
   3              		.eabi_attribute 20, 1
   4              		.eabi_attribute 21, 1
   5              		.eabi_attribute 23, 3
   6              		.eabi_attribute 24, 1
   7              		.eabi_attribute 25, 1
   8              		.eabi_attribute 26, 1
   9              		.eabi_attribute 30, 1
  10              		.eabi_attribute 34, 0
  11              		.eabi_attribute 18, 4
  12              		.code	16
  13              		.file	"cyfitter_cfg.c"
  14              		.text
  15              	.Ltext0:
  16              		.cfi_sections	.debug_frame
  17              		.section	.psocinit,"ax",%progbits
  18              		.align	2
  19              		.code	16
  20              		.thumb_func
  21              		.type	ClockSetup, %function
  22              	ClockSetup:
  23              	.LFB4:
  24              		.file 1 "Generated_Source\\PSoC4\\cyfitter_cfg.c"
   1:Generated_Source\PSoC4/cyfitter_cfg.c **** /*******************************************************************************
   2:Generated_Source\PSoC4/cyfitter_cfg.c **** * File Name: cyfitter_cfg.c
   3:Generated_Source\PSoC4/cyfitter_cfg.c **** * 
   4:Generated_Source\PSoC4/cyfitter_cfg.c **** * PSoC Creator  4.0 Update 1
   5:Generated_Source\PSoC4/cyfitter_cfg.c **** *
   6:Generated_Source\PSoC4/cyfitter_cfg.c **** * Description:
   7:Generated_Source\PSoC4/cyfitter_cfg.c **** * This file contains device initialization code.
   8:Generated_Source\PSoC4/cyfitter_cfg.c **** * Except for the user defined sections in CyClockStartupError(), this file should not be modified.
   9:Generated_Source\PSoC4/cyfitter_cfg.c **** * This file is automatically generated by PSoC Creator.
  10:Generated_Source\PSoC4/cyfitter_cfg.c **** *
  11:Generated_Source\PSoC4/cyfitter_cfg.c **** ********************************************************************************
  12:Generated_Source\PSoC4/cyfitter_cfg.c **** * Copyright (c) 2007-2016 Cypress Semiconductor.  All rights reserved.
  13:Generated_Source\PSoC4/cyfitter_cfg.c **** * You may use this file only in accordance with the license, terms, conditions, 
  14:Generated_Source\PSoC4/cyfitter_cfg.c **** * disclaimers, and limitations in the end user license agreement accompanying 
  15:Generated_Source\PSoC4/cyfitter_cfg.c **** * the software package with which this file was provided.
  16:Generated_Source\PSoC4/cyfitter_cfg.c **** ********************************************************************************/
  17:Generated_Source\PSoC4/cyfitter_cfg.c **** 
  18:Generated_Source\PSoC4/cyfitter_cfg.c **** #include <string.h>
  19:Generated_Source\PSoC4/cyfitter_cfg.c **** #include "cytypes.h"
  20:Generated_Source\PSoC4/cyfitter_cfg.c **** #include "cydevice_trm.h"
  21:Generated_Source\PSoC4/cyfitter_cfg.c **** #include "cyfitter.h"
  22:Generated_Source\PSoC4/cyfitter_cfg.c **** #include "CyLib.h"
  23:Generated_Source\PSoC4/cyfitter_cfg.c **** #include "cyfitter_cfg.h"
  24:Generated_Source\PSoC4/cyfitter_cfg.c **** 
  25:Generated_Source\PSoC4/cyfitter_cfg.c **** 
  26:Generated_Source\PSoC4/cyfitter_cfg.c **** #if defined(__GNUC__) || defined(__ARMCC_VERSION)
  27:Generated_Source\PSoC4/cyfitter_cfg.c ****     #define CYPACKED 
  28:Generated_Source\PSoC4/cyfitter_cfg.c ****     #define CYPACKED_ATTR __attribute__ ((packed))
  29:Generated_Source\PSoC4/cyfitter_cfg.c ****     #define CYALIGNED __attribute__ ((aligned))
  30:Generated_Source\PSoC4/cyfitter_cfg.c ****     #define CY_CFG_UNUSED __attribute__ ((unused))
  31:Generated_Source\PSoC4/cyfitter_cfg.c ****     #ifndef CY_CFG_SECTION
  32:Generated_Source\PSoC4/cyfitter_cfg.c ****         #define CY_CFG_SECTION __attribute__ ((section(".psocinit")))
  33:Generated_Source\PSoC4/cyfitter_cfg.c ****     #endif
ARM GAS  C:\Users\BILLSH~1\AppData\Local\Temp\cckd2FKO.s 			page 2


  34:Generated_Source\PSoC4/cyfitter_cfg.c ****     
  35:Generated_Source\PSoC4/cyfitter_cfg.c ****     #if defined(__ARMCC_VERSION)
  36:Generated_Source\PSoC4/cyfitter_cfg.c ****         #define CY_CFG_MEMORY_BARRIER() __memory_changed()
  37:Generated_Source\PSoC4/cyfitter_cfg.c ****     #else
  38:Generated_Source\PSoC4/cyfitter_cfg.c ****         #define CY_CFG_MEMORY_BARRIER() __sync_synchronize()
  39:Generated_Source\PSoC4/cyfitter_cfg.c ****     #endif
  40:Generated_Source\PSoC4/cyfitter_cfg.c ****     
  41:Generated_Source\PSoC4/cyfitter_cfg.c **** #elif defined(__ICCARM__)
  42:Generated_Source\PSoC4/cyfitter_cfg.c ****     #include <intrinsics.h>
  43:Generated_Source\PSoC4/cyfitter_cfg.c **** 
  44:Generated_Source\PSoC4/cyfitter_cfg.c ****     #define CYPACKED __packed
  45:Generated_Source\PSoC4/cyfitter_cfg.c ****     #define CYPACKED_ATTR 
  46:Generated_Source\PSoC4/cyfitter_cfg.c ****     #define CYALIGNED _Pragma("data_alignment=4")
  47:Generated_Source\PSoC4/cyfitter_cfg.c ****     #define CY_CFG_UNUSED _Pragma("diag_suppress=Pe177")
  48:Generated_Source\PSoC4/cyfitter_cfg.c ****     #define CY_CFG_SECTION _Pragma("location=\".psocinit\"")
  49:Generated_Source\PSoC4/cyfitter_cfg.c ****     
  50:Generated_Source\PSoC4/cyfitter_cfg.c ****     #define CY_CFG_MEMORY_BARRIER() __DMB()
  51:Generated_Source\PSoC4/cyfitter_cfg.c ****     
  52:Generated_Source\PSoC4/cyfitter_cfg.c **** #else
  53:Generated_Source\PSoC4/cyfitter_cfg.c ****     #error Unsupported toolchain
  54:Generated_Source\PSoC4/cyfitter_cfg.c **** #endif
  55:Generated_Source\PSoC4/cyfitter_cfg.c **** 
  56:Generated_Source\PSoC4/cyfitter_cfg.c **** 
  57:Generated_Source\PSoC4/cyfitter_cfg.c **** CY_CFG_UNUSED
  58:Generated_Source\PSoC4/cyfitter_cfg.c **** static void CYMEMZERO(void *s, size_t n);
  59:Generated_Source\PSoC4/cyfitter_cfg.c **** CY_CFG_UNUSED
  60:Generated_Source\PSoC4/cyfitter_cfg.c **** static void CYMEMZERO(void *s, size_t n)
  61:Generated_Source\PSoC4/cyfitter_cfg.c **** {
  62:Generated_Source\PSoC4/cyfitter_cfg.c **** 	(void)memset(s, 0, n);
  63:Generated_Source\PSoC4/cyfitter_cfg.c **** }
  64:Generated_Source\PSoC4/cyfitter_cfg.c **** CY_CFG_UNUSED
  65:Generated_Source\PSoC4/cyfitter_cfg.c **** static void CYCONFIGCPY(void *dest, const void *src, size_t n);
  66:Generated_Source\PSoC4/cyfitter_cfg.c **** CY_CFG_UNUSED
  67:Generated_Source\PSoC4/cyfitter_cfg.c **** static void CYCONFIGCPY(void *dest, const void *src, size_t n)
  68:Generated_Source\PSoC4/cyfitter_cfg.c **** {
  69:Generated_Source\PSoC4/cyfitter_cfg.c **** 	(void)memcpy(dest, src, n);
  70:Generated_Source\PSoC4/cyfitter_cfg.c **** }
  71:Generated_Source\PSoC4/cyfitter_cfg.c **** CY_CFG_UNUSED
  72:Generated_Source\PSoC4/cyfitter_cfg.c **** static void CYCONFIGCPYCODE(void *dest, const void *src, size_t n);
  73:Generated_Source\PSoC4/cyfitter_cfg.c **** CY_CFG_UNUSED
  74:Generated_Source\PSoC4/cyfitter_cfg.c **** static void CYCONFIGCPYCODE(void *dest, const void *src, size_t n)
  75:Generated_Source\PSoC4/cyfitter_cfg.c **** {
  76:Generated_Source\PSoC4/cyfitter_cfg.c **** 	(void)memcpy(dest, src, n);
  77:Generated_Source\PSoC4/cyfitter_cfg.c **** }
  78:Generated_Source\PSoC4/cyfitter_cfg.c **** 
  79:Generated_Source\PSoC4/cyfitter_cfg.c **** 
  80:Generated_Source\PSoC4/cyfitter_cfg.c **** 
  81:Generated_Source\PSoC4/cyfitter_cfg.c **** 
  82:Generated_Source\PSoC4/cyfitter_cfg.c **** /* Clock startup error codes                                                   */
  83:Generated_Source\PSoC4/cyfitter_cfg.c **** #define CYCLOCKSTART_NO_ERROR    0u
  84:Generated_Source\PSoC4/cyfitter_cfg.c **** #define CYCLOCKSTART_XTAL_ERROR  1u
  85:Generated_Source\PSoC4/cyfitter_cfg.c **** #define CYCLOCKSTART_32KHZ_ERROR 2u
  86:Generated_Source\PSoC4/cyfitter_cfg.c **** #define CYCLOCKSTART_PLL_ERROR   3u
  87:Generated_Source\PSoC4/cyfitter_cfg.c **** 
  88:Generated_Source\PSoC4/cyfitter_cfg.c **** 
  89:Generated_Source\PSoC4/cyfitter_cfg.c **** #ifdef CY_NEED_CYCLOCKSTARTUPERROR
  90:Generated_Source\PSoC4/cyfitter_cfg.c **** /*******************************************************************************
ARM GAS  C:\Users\BILLSH~1\AppData\Local\Temp\cckd2FKO.s 			page 3


  91:Generated_Source\PSoC4/cyfitter_cfg.c **** * Function Name: CyClockStartupError
  92:Generated_Source\PSoC4/cyfitter_cfg.c **** ********************************************************************************
  93:Generated_Source\PSoC4/cyfitter_cfg.c **** * Summary:
  94:Generated_Source\PSoC4/cyfitter_cfg.c **** *  If an error is encountered during clock configuration (crystal startup error,
  95:Generated_Source\PSoC4/cyfitter_cfg.c **** *  PLL lock error, etc.), the system will end up here.  Unless reimplemented by
  96:Generated_Source\PSoC4/cyfitter_cfg.c **** *  the customer, this function will stop in an infinite loop.
  97:Generated_Source\PSoC4/cyfitter_cfg.c **** *
  98:Generated_Source\PSoC4/cyfitter_cfg.c **** * Parameters:
  99:Generated_Source\PSoC4/cyfitter_cfg.c **** *   void
 100:Generated_Source\PSoC4/cyfitter_cfg.c **** *
 101:Generated_Source\PSoC4/cyfitter_cfg.c **** * Return:
 102:Generated_Source\PSoC4/cyfitter_cfg.c **** *   void
 103:Generated_Source\PSoC4/cyfitter_cfg.c **** *
 104:Generated_Source\PSoC4/cyfitter_cfg.c **** *******************************************************************************/
 105:Generated_Source\PSoC4/cyfitter_cfg.c **** CY_CFG_UNUSED
 106:Generated_Source\PSoC4/cyfitter_cfg.c **** static void CyClockStartupError(uint8 errorCode);
 107:Generated_Source\PSoC4/cyfitter_cfg.c **** CY_CFG_UNUSED
 108:Generated_Source\PSoC4/cyfitter_cfg.c **** static void CyClockStartupError(uint8 errorCode)
 109:Generated_Source\PSoC4/cyfitter_cfg.c **** {
 110:Generated_Source\PSoC4/cyfitter_cfg.c ****     /* To remove the compiler warning if errorCode not used.                */
 111:Generated_Source\PSoC4/cyfitter_cfg.c ****     errorCode = errorCode;
 112:Generated_Source\PSoC4/cyfitter_cfg.c **** 
 113:Generated_Source\PSoC4/cyfitter_cfg.c ****     /* If we have a clock startup error (bad MHz crystal, PLL lock, etc.),  */
 114:Generated_Source\PSoC4/cyfitter_cfg.c ****     /* we will end up here to allow the customer to implement something to  */
 115:Generated_Source\PSoC4/cyfitter_cfg.c ****     /* deal with the clock condition.                                       */
 116:Generated_Source\PSoC4/cyfitter_cfg.c **** 
 117:Generated_Source\PSoC4/cyfitter_cfg.c **** #ifdef CY_CFG_CLOCK_STARTUP_ERROR_CALLBACK
 118:Generated_Source\PSoC4/cyfitter_cfg.c **** 	CY_CFG_Clock_Startup_ErrorCallback();
 119:Generated_Source\PSoC4/cyfitter_cfg.c **** #else
 120:Generated_Source\PSoC4/cyfitter_cfg.c **** 	/*  If not using CY_CFG_CLOCK_STARTUP_ERROR_CALLBACK, place your clock startup code here. */
 121:Generated_Source\PSoC4/cyfitter_cfg.c ****     /* `#START CyClockStartupError` */
 122:Generated_Source\PSoC4/cyfitter_cfg.c **** 
 123:Generated_Source\PSoC4/cyfitter_cfg.c **** 
 124:Generated_Source\PSoC4/cyfitter_cfg.c **** 
 125:Generated_Source\PSoC4/cyfitter_cfg.c ****     /* `#END` */
 126:Generated_Source\PSoC4/cyfitter_cfg.c **** 
 127:Generated_Source\PSoC4/cyfitter_cfg.c ****     /* If nothing else, stop here since the clocks have not started         */
 128:Generated_Source\PSoC4/cyfitter_cfg.c ****     /* correctly.                                                           */
 129:Generated_Source\PSoC4/cyfitter_cfg.c ****     while(1) {}
 130:Generated_Source\PSoC4/cyfitter_cfg.c **** #endif /* CY_CFG_CLOCK_STARTUP_ERROR_CALLBACK */ 
 131:Generated_Source\PSoC4/cyfitter_cfg.c **** }
 132:Generated_Source\PSoC4/cyfitter_cfg.c **** #endif
 133:Generated_Source\PSoC4/cyfitter_cfg.c **** 
 134:Generated_Source\PSoC4/cyfitter_cfg.c **** 
 135:Generated_Source\PSoC4/cyfitter_cfg.c **** 
 136:Generated_Source\PSoC4/cyfitter_cfg.c **** /*******************************************************************************
 137:Generated_Source\PSoC4/cyfitter_cfg.c **** * Function Name: ClockSetup
 138:Generated_Source\PSoC4/cyfitter_cfg.c **** ********************************************************************************
 139:Generated_Source\PSoC4/cyfitter_cfg.c **** *
 140:Generated_Source\PSoC4/cyfitter_cfg.c **** * Summary:
 141:Generated_Source\PSoC4/cyfitter_cfg.c **** *   Performs the initialization of all of the clocks in the device based on the
 142:Generated_Source\PSoC4/cyfitter_cfg.c **** *   settings in the Clock tab of the DWR.  This includes enabling the requested
 143:Generated_Source\PSoC4/cyfitter_cfg.c **** *   clocks and setting the necessary dividers to produce the desired frequency. 
 144:Generated_Source\PSoC4/cyfitter_cfg.c **** *
 145:Generated_Source\PSoC4/cyfitter_cfg.c **** * Parameters:
 146:Generated_Source\PSoC4/cyfitter_cfg.c **** *   void
 147:Generated_Source\PSoC4/cyfitter_cfg.c **** *
ARM GAS  C:\Users\BILLSH~1\AppData\Local\Temp\cckd2FKO.s 			page 4


 148:Generated_Source\PSoC4/cyfitter_cfg.c **** * Return:
 149:Generated_Source\PSoC4/cyfitter_cfg.c **** *   void
 150:Generated_Source\PSoC4/cyfitter_cfg.c **** *
 151:Generated_Source\PSoC4/cyfitter_cfg.c **** *******************************************************************************/
 152:Generated_Source\PSoC4/cyfitter_cfg.c **** static void ClockSetup(void);
 153:Generated_Source\PSoC4/cyfitter_cfg.c **** CY_CFG_SECTION
 154:Generated_Source\PSoC4/cyfitter_cfg.c **** static void ClockSetup(void)
 155:Generated_Source\PSoC4/cyfitter_cfg.c **** {
  25              		.loc 1 155 0
  26              		.cfi_startproc
  27 0000 10B5     		push	{r4, lr}
  28              		.cfi_def_cfa_offset 8
  29              		.cfi_offset 4, -8
  30              		.cfi_offset 14, -4
 156:Generated_Source\PSoC4/cyfitter_cfg.c **** 
 157:Generated_Source\PSoC4/cyfitter_cfg.c **** 	/* Set Flash Cycles based on max possible frequency in case a glitch occurs during ClockSetup(). *
 158:Generated_Source\PSoC4/cyfitter_cfg.c **** 	CY_SET_REG32((void CYXDATA *)(CYREG_CPUSS_FLASH_CTL), (0x0012u));
  31              		.loc 1 158 0
  32 0002 154C     		ldr	r4, .L2
  33 0004 1223     		mov	r3, #18
  34 0006 2360     		str	r3, [r4]
 159:Generated_Source\PSoC4/cyfitter_cfg.c **** 	/* Update IMO to new clock speed. */
 160:Generated_Source\PSoC4/cyfitter_cfg.c **** 	CySysClkWriteImoFreq(48u);
  35              		.loc 1 160 0
  36 0008 3020     		mov	r0, #48
  37 000a FFF7FEFF 		bl	CySysClkWriteImoFreq
  38              	.LVL0:
 161:Generated_Source\PSoC4/cyfitter_cfg.c **** 
 162:Generated_Source\PSoC4/cyfitter_cfg.c **** 	/* Setup phase aligned clocks */
 163:Generated_Source\PSoC4/cyfitter_cfg.c **** 	CY_SET_REG32((void *)CYREG_PERI_DIV_16_CTL0, 0x00000100u);
  39              		.loc 1 163 0
  40 000e 8022     		mov	r2, #128
  41 0010 5200     		lsl	r2, r2, #1
  42 0012 124B     		ldr	r3, .L2+4
  43 0014 1A60     		str	r2, [r3]
 164:Generated_Source\PSoC4/cyfitter_cfg.c **** 	CY_SET_REG32((void *)CYREG_PERI_DIV_CMD, 0x8000FF40u);
  44              		.loc 1 164 0
  45 0016 8023     		mov	r3, #128
  46 0018 DB05     		lsl	r3, r3, #23
  47 001a 1149     		ldr	r1, .L2+8
  48 001c 1960     		str	r1, [r3]
 165:Generated_Source\PSoC4/cyfitter_cfg.c **** 	CY_SET_REG32((void *)CYREG_PERI_DIV_16_CTL1, 0x00000100u);
  49              		.loc 1 165 0
  50 001e 1149     		ldr	r1, .L2+12
  51 0020 0A60     		str	r2, [r1]
 166:Generated_Source\PSoC4/cyfitter_cfg.c **** 	CY_SET_REG32((void *)CYREG_PERI_DIV_CMD, 0x8000FF41u);
  52              		.loc 1 166 0
  53 0022 114A     		ldr	r2, .L2+16
  54 0024 1A60     		str	r2, [r3]
 167:Generated_Source\PSoC4/cyfitter_cfg.c **** 	CY_SET_REG32((void *)CYREG_PERI_DIV_16_CTL2, 0x00000E00u);
  55              		.loc 1 167 0
  56 0026 E021     		mov	r1, #224
  57 0028 0901     		lsl	r1, r1, #4
  58 002a 104A     		ldr	r2, .L2+20
  59 002c 1160     		str	r1, [r2]
 168:Generated_Source\PSoC4/cyfitter_cfg.c **** 	CY_SET_REG32((void *)CYREG_PERI_DIV_CMD, 0x8000FF42u);
  60              		.loc 1 168 0
ARM GAS  C:\Users\BILLSH~1\AppData\Local\Temp\cckd2FKO.s 			page 5


  61 002e 104A     		ldr	r2, .L2+24
  62 0030 1A60     		str	r2, [r3]
 169:Generated_Source\PSoC4/cyfitter_cfg.c **** 
 170:Generated_Source\PSoC4/cyfitter_cfg.c **** 	/* CYDEV_CLK_SELECT Starting address: CYDEV_CLK_SELECT */
 171:Generated_Source\PSoC4/cyfitter_cfg.c **** 	CY_SET_XTND_REG32((void CYFAR *)(CYREG_CLK_SELECT), 0x00000024u);
  63              		.loc 1 171 0
  64 0032 2422     		mov	r2, #36
  65 0034 0F4B     		ldr	r3, .L2+28
  66 0036 1A60     		str	r2, [r3]
 172:Generated_Source\PSoC4/cyfitter_cfg.c **** 
 173:Generated_Source\PSoC4/cyfitter_cfg.c **** 	/* CYDEV_PERI_PCLK_CTL12 Starting address: CYDEV_PERI_PCLK_CTL12 */
 174:Generated_Source\PSoC4/cyfitter_cfg.c **** 	CY_SET_XTND_REG32((void CYFAR *)(CYREG_PERI_PCLK_CTL12), 0x00000041u);
  67              		.loc 1 174 0
  68 0038 1D32     		add	r2, r2, #29
  69 003a 0F4B     		ldr	r3, .L2+32
  70 003c 1A60     		str	r2, [r3]
 175:Generated_Source\PSoC4/cyfitter_cfg.c **** 
 176:Generated_Source\PSoC4/cyfitter_cfg.c **** 	/* CYDEV_PERI_PCLK_CTL2 Starting address: CYDEV_PERI_PCLK_CTL2 */
 177:Generated_Source\PSoC4/cyfitter_cfg.c **** 	CY_SET_XTND_REG32((void CYFAR *)(CYREG_PERI_PCLK_CTL2), 0x00000042u);
  71              		.loc 1 177 0
  72 003e 0132     		add	r2, r2, #1
  73 0040 0E4B     		ldr	r3, .L2+36
  74 0042 1A60     		str	r2, [r3]
 178:Generated_Source\PSoC4/cyfitter_cfg.c **** 
 179:Generated_Source\PSoC4/cyfitter_cfg.c **** 	CY_SET_XTND_REG32((void CYFAR *)(CYREG_WCO_WDT_CONFIG), 0x00000000u);
  75              		.loc 1 179 0
  76 0044 0022     		mov	r2, #0
  77 0046 0E4B     		ldr	r3, .L2+40
  78 0048 1A60     		str	r2, [r3]
 180:Generated_Source\PSoC4/cyfitter_cfg.c **** 	CySysClkSetTimerSource(CY_SYS_CLK_TIMER_SRC_ILO);
  79              		.loc 1 180 0
  80 004a 0020     		mov	r0, #0
  81 004c FFF7FEFF 		bl	CySysClkSetTimerSource
  82              	.LVL1:
 181:Generated_Source\PSoC4/cyfitter_cfg.c **** 	/* Set Flash Cycles based on newly configured 24.00MHz HFCLK. */
 182:Generated_Source\PSoC4/cyfitter_cfg.c **** 	CY_SET_REG32((void CYXDATA *)(CYREG_CPUSS_FLASH_CTL), (0x0011u));
  83              		.loc 1 182 0
  84 0050 1123     		mov	r3, #17
  85 0052 2360     		str	r3, [r4]
 183:Generated_Source\PSoC4/cyfitter_cfg.c **** }
  86              		.loc 1 183 0
  87              		@ sp needed
  88 0054 10BD     		pop	{r4, pc}
  89              	.L3:
  90 0056 C046     		.align	2
  91              	.L2:
  92 0058 30001040 		.word	1074790448
  93 005c 00030040 		.word	1073742592
  94 0060 40FF0080 		.word	-2147418304
  95 0064 04030040 		.word	1073742596
  96 0068 41FF0080 		.word	-2147418303
  97 006c 08030040 		.word	1073742600
  98 0070 42FF0080 		.word	-2147418302
  99 0074 28000340 		.word	1073938472
 100 0078 30010040 		.word	1073742128
 101 007c 08010040 		.word	1073742088
 102 0080 0C020640 		.word	1074135564
ARM GAS  C:\Users\BILLSH~1\AppData\Local\Temp\cckd2FKO.s 			page 6


 103              		.cfi_endproc
 104              	.LFE4:
 105              		.size	ClockSetup, .-ClockSetup
 106              		.section	.text.SetAnalogRoutingPumps,"ax",%progbits
 107              		.align	2
 108              		.global	SetAnalogRoutingPumps
 109              		.code	16
 110              		.thumb_func
 111              		.type	SetAnalogRoutingPumps, %function
 112              	SetAnalogRoutingPumps:
 113              	.LFB6:
 184:Generated_Source\PSoC4/cyfitter_cfg.c **** 
 185:Generated_Source\PSoC4/cyfitter_cfg.c **** 
 186:Generated_Source\PSoC4/cyfitter_cfg.c **** /* Analog API Functions */
 187:Generated_Source\PSoC4/cyfitter_cfg.c **** 
 188:Generated_Source\PSoC4/cyfitter_cfg.c **** 
 189:Generated_Source\PSoC4/cyfitter_cfg.c **** /*******************************************************************************
 190:Generated_Source\PSoC4/cyfitter_cfg.c **** * Function Name: AnalogSetDefault
 191:Generated_Source\PSoC4/cyfitter_cfg.c **** ********************************************************************************
 192:Generated_Source\PSoC4/cyfitter_cfg.c **** *
 193:Generated_Source\PSoC4/cyfitter_cfg.c **** * Summary:
 194:Generated_Source\PSoC4/cyfitter_cfg.c **** *  Sets up the analog portions of the chip to default values based on chip
 195:Generated_Source\PSoC4/cyfitter_cfg.c **** *  configuration options from the project.
 196:Generated_Source\PSoC4/cyfitter_cfg.c **** *
 197:Generated_Source\PSoC4/cyfitter_cfg.c **** * Parameters:
 198:Generated_Source\PSoC4/cyfitter_cfg.c **** *  void
 199:Generated_Source\PSoC4/cyfitter_cfg.c **** *
 200:Generated_Source\PSoC4/cyfitter_cfg.c **** * Return:
 201:Generated_Source\PSoC4/cyfitter_cfg.c **** *  void
 202:Generated_Source\PSoC4/cyfitter_cfg.c **** *
 203:Generated_Source\PSoC4/cyfitter_cfg.c **** *******************************************************************************/
 204:Generated_Source\PSoC4/cyfitter_cfg.c **** static void AnalogSetDefault(void);
 205:Generated_Source\PSoC4/cyfitter_cfg.c **** static void AnalogSetDefault(void)
 206:Generated_Source\PSoC4/cyfitter_cfg.c **** {
 207:Generated_Source\PSoC4/cyfitter_cfg.c **** 	CY_SET_XTND_REG32((void CYFAR *)CYREG_CTB1_CTB_CTRL, 0x80000000u);
 208:Generated_Source\PSoC4/cyfitter_cfg.c **** 	CY_SET_XTND_REG32((void CYFAR *)CYREG_CTB1_OA1_SW, 0x00080080u);
 209:Generated_Source\PSoC4/cyfitter_cfg.c **** 	CY_SET_XTND_REG32((void CYFAR *)CYREG_ART_CTRL, 0x80000000u);
 210:Generated_Source\PSoC4/cyfitter_cfg.c **** 	CY_SET_XTND_REG32((void CYFAR *)CYREG_ART_SARMUXVPLUS_SW, 0x01000000u);
 211:Generated_Source\PSoC4/cyfitter_cfg.c **** 	CY_SET_XTND_REG32((void CYFAR *)CYREG_ART_SARMUXVMINUS_SW, 0x02000000u);
 212:Generated_Source\PSoC4/cyfitter_cfg.c **** 	CY_SET_XTND_REG32((void CYFAR *)CYREG_ART_CTB1VREF_SW, 0x00020000u);
 213:Generated_Source\PSoC4/cyfitter_cfg.c **** 	CY_SET_XTND_REG32((void CYFAR *)CYREG_SAR_CTRL, 0x80000000u);
 214:Generated_Source\PSoC4/cyfitter_cfg.c **** 	CY_SET_XTND_REG32((void CYFAR *)CYREG_SAR_MUX_SWITCH0, 0x000060A0u);
 215:Generated_Source\PSoC4/cyfitter_cfg.c **** 	CY_SET_XTND_REG32((void CYFAR *)CYREG_SAR_MUX_SWITCH_HW_CTRL, 0x000000E0u);
 216:Generated_Source\PSoC4/cyfitter_cfg.c **** 	CY_SET_XTND_REG32((void CYFAR *)CYREG_PASS_PASS_CTRL, 0x00000003u);
 217:Generated_Source\PSoC4/cyfitter_cfg.c **** 	CY_SET_XTND_REG32((void CYFAR *)CYREG_PASS_PRB_CTRL, 0x80000001u);
 218:Generated_Source\PSoC4/cyfitter_cfg.c **** 	CY_SET_XTND_REG32((void CYFAR *)CYREG_PASS_PRB_REF0, 0x000000F1u);
 219:Generated_Source\PSoC4/cyfitter_cfg.c **** 	CY_SET_XTND_REG32((void CYFAR *)CYREG_PASS_DSAB_DSAB_CTRL, 0x00000000u);
 220:Generated_Source\PSoC4/cyfitter_cfg.c **** 	SetAnalogRoutingPumps(1);
 221:Generated_Source\PSoC4/cyfitter_cfg.c **** }
 222:Generated_Source\PSoC4/cyfitter_cfg.c **** 
 223:Generated_Source\PSoC4/cyfitter_cfg.c **** 
 224:Generated_Source\PSoC4/cyfitter_cfg.c **** /*******************************************************************************
 225:Generated_Source\PSoC4/cyfitter_cfg.c **** * Function Name: SetAnalogRoutingPumps
 226:Generated_Source\PSoC4/cyfitter_cfg.c **** ********************************************************************************
 227:Generated_Source\PSoC4/cyfitter_cfg.c **** *
 228:Generated_Source\PSoC4/cyfitter_cfg.c **** * Summary:
 229:Generated_Source\PSoC4/cyfitter_cfg.c **** * Enables or disables the analog pumps feeding analog routing switches.
ARM GAS  C:\Users\BILLSH~1\AppData\Local\Temp\cckd2FKO.s 			page 7


 230:Generated_Source\PSoC4/cyfitter_cfg.c **** * Intended to be called at startup, based on the Vdda system configuration;
 231:Generated_Source\PSoC4/cyfitter_cfg.c **** * may be called during operation when the user informs us that the Vdda voltage crossed the pump th
 232:Generated_Source\PSoC4/cyfitter_cfg.c **** *
 233:Generated_Source\PSoC4/cyfitter_cfg.c **** * Parameters:
 234:Generated_Source\PSoC4/cyfitter_cfg.c **** *  enabled - 1 to enable the pumps, 0 to disable the pumps
 235:Generated_Source\PSoC4/cyfitter_cfg.c **** *
 236:Generated_Source\PSoC4/cyfitter_cfg.c **** * Return:
 237:Generated_Source\PSoC4/cyfitter_cfg.c **** *  void
 238:Generated_Source\PSoC4/cyfitter_cfg.c **** *
 239:Generated_Source\PSoC4/cyfitter_cfg.c **** *******************************************************************************/
 240:Generated_Source\PSoC4/cyfitter_cfg.c **** void SetAnalogRoutingPumps(uint8 enabled)
 241:Generated_Source\PSoC4/cyfitter_cfg.c **** {
 114              		.loc 1 241 0
 115              		.cfi_startproc
 116              	.LVL2:
 242:Generated_Source\PSoC4/cyfitter_cfg.c **** 	uint32 regValue = CY_GET_XTND_REG32((void *)(CYREG_SAR_PUMP_CTRL));
 117              		.loc 1 242 0
 118 0000 064B     		ldr	r3, .L7
 119 0002 1B68     		ldr	r3, [r3]
 120              	.LVL3:
 243:Generated_Source\PSoC4/cyfitter_cfg.c **** 	if (enabled != 0u)
 121              		.loc 1 243 0
 122 0004 0028     		cmp	r0, #0
 123 0006 03D0     		beq	.L5
 244:Generated_Source\PSoC4/cyfitter_cfg.c **** 	{
 245:Generated_Source\PSoC4/cyfitter_cfg.c **** 		regValue |= 0x80000000u;
 124              		.loc 1 245 0
 125 0008 8022     		mov	r2, #128
 126 000a 1206     		lsl	r2, r2, #24
 127 000c 1343     		orr	r3, r2
 128              	.LVL4:
 129 000e 01E0     		b	.L6
 130              	.L5:
 246:Generated_Source\PSoC4/cyfitter_cfg.c **** 	}
 247:Generated_Source\PSoC4/cyfitter_cfg.c **** 	else
 248:Generated_Source\PSoC4/cyfitter_cfg.c **** 	{
 249:Generated_Source\PSoC4/cyfitter_cfg.c **** 		regValue &= ~0x80000000u;
 131              		.loc 1 249 0
 132 0010 5B00     		lsl	r3, r3, #1
 133              	.LVL5:
 134 0012 5B08     		lsr	r3, r3, #1
 135              	.LVL6:
 136              	.L6:
 250:Generated_Source\PSoC4/cyfitter_cfg.c **** 	}
 251:Generated_Source\PSoC4/cyfitter_cfg.c **** 	CY_SET_XTND_REG32((void *)(CYREG_SAR_PUMP_CTRL), regValue);
 137              		.loc 1 251 0
 138 0014 014A     		ldr	r2, .L7
 139 0016 1360     		str	r3, [r2]
 252:Generated_Source\PSoC4/cyfitter_cfg.c **** }
 140              		.loc 1 252 0
 141              		@ sp needed
 142 0018 7047     		bx	lr
 143              	.L8:
 144 001a C046     		.align	2
 145              	.L7:
 146 001c 80033A40 		.word	1077543808
 147              		.cfi_endproc
ARM GAS  C:\Users\BILLSH~1\AppData\Local\Temp\cckd2FKO.s 			page 8


 148              	.LFE6:
 149              		.size	SetAnalogRoutingPumps, .-SetAnalogRoutingPumps
 150              		.section	.text.AnalogSetDefault,"ax",%progbits
 151              		.align	2
 152              		.code	16
 153              		.thumb_func
 154              		.type	AnalogSetDefault, %function
 155              	AnalogSetDefault:
 156              	.LFB5:
 206:Generated_Source\PSoC4/cyfitter_cfg.c **** 	CY_SET_XTND_REG32((void CYFAR *)CYREG_CTB1_CTB_CTRL, 0x80000000u);
 157              		.loc 1 206 0
 158              		.cfi_startproc
 159 0000 08B5     		push	{r3, lr}
 160              		.cfi_def_cfa_offset 8
 161              		.cfi_offset 3, -8
 162              		.cfi_offset 14, -4
 207:Generated_Source\PSoC4/cyfitter_cfg.c **** 	CY_SET_XTND_REG32((void CYFAR *)CYREG_CTB1_OA1_SW, 0x00080080u);
 163              		.loc 1 207 0
 164 0002 8023     		mov	r3, #128
 165 0004 1B06     		lsl	r3, r3, #24
 166 0006 154A     		ldr	r2, .L10
 167 0008 1360     		str	r3, [r2]
 208:Generated_Source\PSoC4/cyfitter_cfg.c **** 	CY_SET_XTND_REG32((void CYFAR *)CYREG_ART_CTRL, 0x80000000u);
 168              		.loc 1 208 0
 169 000a 1549     		ldr	r1, .L10+4
 170 000c 154A     		ldr	r2, .L10+8
 171 000e 1160     		str	r1, [r2]
 209:Generated_Source\PSoC4/cyfitter_cfg.c **** 	CY_SET_XTND_REG32((void CYFAR *)CYREG_ART_SARMUXVPLUS_SW, 0x01000000u);
 172              		.loc 1 209 0
 173 0010 154A     		ldr	r2, .L10+12
 174 0012 1360     		str	r3, [r2]
 210:Generated_Source\PSoC4/cyfitter_cfg.c **** 	CY_SET_XTND_REG32((void CYFAR *)CYREG_ART_SARMUXVMINUS_SW, 0x02000000u);
 175              		.loc 1 210 0
 176 0014 8021     		mov	r1, #128
 177 0016 4904     		lsl	r1, r1, #17
 178 0018 144A     		ldr	r2, .L10+16
 179 001a 1160     		str	r1, [r2]
 211:Generated_Source\PSoC4/cyfitter_cfg.c **** 	CY_SET_XTND_REG32((void CYFAR *)CYREG_ART_CTB1VREF_SW, 0x00020000u);
 180              		.loc 1 211 0
 181 001c 8021     		mov	r1, #128
 182 001e 8904     		lsl	r1, r1, #18
 183 0020 134A     		ldr	r2, .L10+20
 184 0022 1160     		str	r1, [r2]
 212:Generated_Source\PSoC4/cyfitter_cfg.c **** 	CY_SET_XTND_REG32((void CYFAR *)CYREG_SAR_CTRL, 0x80000000u);
 185              		.loc 1 212 0
 186 0024 8021     		mov	r1, #128
 187 0026 8902     		lsl	r1, r1, #10
 188 0028 124A     		ldr	r2, .L10+24
 189 002a 1160     		str	r1, [r2]
 213:Generated_Source\PSoC4/cyfitter_cfg.c **** 	CY_SET_XTND_REG32((void CYFAR *)CYREG_SAR_MUX_SWITCH0, 0x000060A0u);
 190              		.loc 1 213 0
 191 002c 124A     		ldr	r2, .L10+28
 192 002e 1360     		str	r3, [r2]
 214:Generated_Source\PSoC4/cyfitter_cfg.c **** 	CY_SET_XTND_REG32((void CYFAR *)CYREG_SAR_MUX_SWITCH_HW_CTRL, 0x000000E0u);
 193              		.loc 1 214 0
 194 0030 124A     		ldr	r2, .L10+32
 195 0032 134B     		ldr	r3, .L10+36
ARM GAS  C:\Users\BILLSH~1\AppData\Local\Temp\cckd2FKO.s 			page 9


 196 0034 1A60     		str	r2, [r3]
 215:Generated_Source\PSoC4/cyfitter_cfg.c **** 	CY_SET_XTND_REG32((void CYFAR *)CYREG_PASS_PASS_CTRL, 0x00000003u);
 197              		.loc 1 215 0
 198 0036 E022     		mov	r2, #224
 199 0038 124B     		ldr	r3, .L10+40
 200 003a 1A60     		str	r2, [r3]
 216:Generated_Source\PSoC4/cyfitter_cfg.c **** 	CY_SET_XTND_REG32((void CYFAR *)CYREG_PASS_PRB_CTRL, 0x80000001u);
 201              		.loc 1 216 0
 202 003c DD3A     		sub	r2, r2, #221
 203 003e 124B     		ldr	r3, .L10+44
 204 0040 1A60     		str	r2, [r3]
 217:Generated_Source\PSoC4/cyfitter_cfg.c **** 	CY_SET_XTND_REG32((void CYFAR *)CYREG_PASS_PRB_REF0, 0x000000F1u);
 205              		.loc 1 217 0
 206 0042 124A     		ldr	r2, .L10+48
 207 0044 124B     		ldr	r3, .L10+52
 208 0046 1A60     		str	r2, [r3]
 218:Generated_Source\PSoC4/cyfitter_cfg.c **** 	CY_SET_XTND_REG32((void CYFAR *)CYREG_PASS_DSAB_DSAB_CTRL, 0x00000000u);
 209              		.loc 1 218 0
 210 0048 F122     		mov	r2, #241
 211 004a 124B     		ldr	r3, .L10+56
 212 004c 1A60     		str	r2, [r3]
 219:Generated_Source\PSoC4/cyfitter_cfg.c **** 	SetAnalogRoutingPumps(1);
 213              		.loc 1 219 0
 214 004e 0022     		mov	r2, #0
 215 0050 114B     		ldr	r3, .L10+60
 216 0052 1A60     		str	r2, [r3]
 220:Generated_Source\PSoC4/cyfitter_cfg.c **** }
 217              		.loc 1 220 0
 218 0054 0120     		mov	r0, #1
 219 0056 FFF7FEFF 		bl	SetAnalogRoutingPumps
 220              	.LVL7:
 221:Generated_Source\PSoC4/cyfitter_cfg.c **** 
 221              		.loc 1 221 0
 222              		@ sp needed
 223 005a 08BD     		pop	{r3, pc}
 224              	.L11:
 225              		.align	2
 226              	.L10:
 227 005c 00003140 		.word	1076953088
 228 0060 80000800 		.word	524416
 229 0064 88003140 		.word	1076953224
 230 0068 00003840 		.word	1077411840
 231 006c 10003840 		.word	1077411856
 232 0070 18003840 		.word	1077411864
 233 0074 C0013840 		.word	1077412288
 234 0078 00003A40 		.word	1077542912
 235 007c A0600000 		.word	24736
 236 0080 00033A40 		.word	1077543680
 237 0084 40033A40 		.word	1077543744
 238 0088 08013F40 		.word	1077870856
 239 008c 01000080 		.word	-2147483647
 240 0090 00023F40 		.word	1077871104
 241 0094 04023F40 		.word	1077871108
 242 0098 000E3F40 		.word	1077874176
 243              		.cfi_endproc
 244              	.LFE5:
 245              		.size	AnalogSetDefault, .-AnalogSetDefault
ARM GAS  C:\Users\BILLSH~1\AppData\Local\Temp\cckd2FKO.s 			page 10


 246              		.section	.psocinit
 247              		.align	2
 248              		.global	cyfitter_cfg
 249              		.code	16
 250              		.thumb_func
 251              		.type	cyfitter_cfg, %function
 252              	cyfitter_cfg:
 253              	.LFB7:
 253:Generated_Source\PSoC4/cyfitter_cfg.c **** 
 254:Generated_Source\PSoC4/cyfitter_cfg.c **** #define CY_AMUX_UNUSED CYREG_CM0P_ROM_DWT
 255:Generated_Source\PSoC4/cyfitter_cfg.c **** 
 256:Generated_Source\PSoC4/cyfitter_cfg.c **** 
 257:Generated_Source\PSoC4/cyfitter_cfg.c **** /*******************************************************************************
 258:Generated_Source\PSoC4/cyfitter_cfg.c **** * Function Name: cyfitter_cfg
 259:Generated_Source\PSoC4/cyfitter_cfg.c **** ********************************************************************************
 260:Generated_Source\PSoC4/cyfitter_cfg.c **** * Summary:
 261:Generated_Source\PSoC4/cyfitter_cfg.c **** *  This function is called by the start-up code for the selected device. It
 262:Generated_Source\PSoC4/cyfitter_cfg.c **** *  performs all of the necessary device configuration based on the design
 263:Generated_Source\PSoC4/cyfitter_cfg.c **** *  settings.  This includes settings from the Design Wide Resources (DWR) such
 264:Generated_Source\PSoC4/cyfitter_cfg.c **** *  as Clocks and Pins as well as any component configuration that is necessary.
 265:Generated_Source\PSoC4/cyfitter_cfg.c **** *
 266:Generated_Source\PSoC4/cyfitter_cfg.c **** * Parameters:  
 267:Generated_Source\PSoC4/cyfitter_cfg.c **** *   void
 268:Generated_Source\PSoC4/cyfitter_cfg.c **** *
 269:Generated_Source\PSoC4/cyfitter_cfg.c **** * Return:
 270:Generated_Source\PSoC4/cyfitter_cfg.c **** *   void
 271:Generated_Source\PSoC4/cyfitter_cfg.c **** *
 272:Generated_Source\PSoC4/cyfitter_cfg.c **** *******************************************************************************/
 273:Generated_Source\PSoC4/cyfitter_cfg.c **** CY_CFG_SECTION
 274:Generated_Source\PSoC4/cyfitter_cfg.c **** void cyfitter_cfg(void)
 275:Generated_Source\PSoC4/cyfitter_cfg.c **** {
 254              		.loc 1 275 0
 255              		.cfi_startproc
 256 0084 08B5     		push	{r3, lr}
 257              		.cfi_def_cfa_offset 8
 258              		.cfi_offset 3, -8
 259              		.cfi_offset 14, -4
 276:Generated_Source\PSoC4/cyfitter_cfg.c **** 	/* Disable interrupts by default. Let user enable if/when they want. */
 277:Generated_Source\PSoC4/cyfitter_cfg.c **** 	CyGlobalIntDisable;
 260              		.loc 1 277 0
 261              	@ 277 "Generated_Source\PSoC4\cyfitter_cfg.c" 1
 262 0086 72B6     		CPSID   i
 263              	@ 0 "" 2
 278:Generated_Source\PSoC4/cyfitter_cfg.c **** 
 279:Generated_Source\PSoC4/cyfitter_cfg.c **** 	{
 280:Generated_Source\PSoC4/cyfitter_cfg.c **** 		/* HSIOM Starting address: CYDEV_HSIOM_BASE */
 281:Generated_Source\PSoC4/cyfitter_cfg.c **** 		CY_SET_XTND_REG32((void CYFAR *)(CYDEV_HSIOM_BASE), 0x000000EEu);
 264              		.loc 1 281 0
 265              		.code	16
 266 0088 EE23     		mov	r3, #238
 267 008a 124A     		ldr	r2, .L13
 268 008c 1360     		str	r3, [r2]
 282:Generated_Source\PSoC4/cyfitter_cfg.c **** 		CY_SET_XTND_REG32((void CYFAR *)(CYREG_HSIOM_PORT_SEL4), 0x000000EEu);
 269              		.loc 1 282 0
 270 008e 124A     		ldr	r2, .L13+4
 271 0090 1360     		str	r3, [r2]
 283:Generated_Source\PSoC4/cyfitter_cfg.c **** 
ARM GAS  C:\Users\BILLSH~1\AppData\Local\Temp\cckd2FKO.s 			page 11


 284:Generated_Source\PSoC4/cyfitter_cfg.c **** 		/* PASS_SAR_TRIG_SEL Starting address: CYDEV_PASS_SAR_TRIG_SEL */
 285:Generated_Source\PSoC4/cyfitter_cfg.c **** 		CY_SET_XTND_REG32((void CYFAR *)(CYREG_PASS_SAR_TRIG_SEL), 0x00000000u);
 272              		.loc 1 285 0
 273 0092 0022     		mov	r2, #0
 274 0094 114B     		ldr	r3, .L13+8
 275 0096 1A60     		str	r2, [r3]
 286:Generated_Source\PSoC4/cyfitter_cfg.c **** 
 287:Generated_Source\PSoC4/cyfitter_cfg.c **** 	}
 288:Generated_Source\PSoC4/cyfitter_cfg.c **** 
 289:Generated_Source\PSoC4/cyfitter_cfg.c **** 	/* Perform second pass device configuration. These items must be configured in specific order afte
 290:Generated_Source\PSoC4/cyfitter_cfg.c **** 	/* IOPINS0_0 Starting address: CYDEV_GPIO_PRT0_BASE */
 291:Generated_Source\PSoC4/cyfitter_cfg.c **** 	CY_SET_XTND_REG32((void CYFAR *)(CYREG_GPIO_PRT0_PC), 0x00000036u);
 276              		.loc 1 291 0
 277 0098 3632     		add	r2, r2, #54
 278 009a 114B     		ldr	r3, .L13+12
 279 009c 1A60     		str	r2, [r3]
 292:Generated_Source\PSoC4/cyfitter_cfg.c **** 
 293:Generated_Source\PSoC4/cyfitter_cfg.c **** 	/* IOPINS0_1 Starting address: CYDEV_GPIO_PRT1_BASE */
 294:Generated_Source\PSoC4/cyfitter_cfg.c **** 	CY_SET_XTND_REG32((void CYFAR *)(CYDEV_GPIO_PRT1_BASE), 0x00000058u);
 280              		.loc 1 294 0
 281 009e 2232     		add	r2, r2, #34
 282 00a0 104B     		ldr	r3, .L13+16
 283 00a2 1A60     		str	r2, [r3]
 295:Generated_Source\PSoC4/cyfitter_cfg.c **** 	CY_SET_XTND_REG32((void CYFAR *)(CYREG_GPIO_PRT1_PC), 0x00186000u);
 284              		.loc 1 295 0
 285 00a4 C322     		mov	r2, #195
 286 00a6 5203     		lsl	r2, r2, #13
 287 00a8 0F4B     		ldr	r3, .L13+20
 288 00aa 1A60     		str	r2, [r3]
 296:Generated_Source\PSoC4/cyfitter_cfg.c **** 	CY_SET_XTND_REG32((void CYFAR *)(CYREG_GPIO_PRT1_PC2), 0x00000008u);
 289              		.loc 1 296 0
 290 00ac 0822     		mov	r2, #8
 291 00ae 0F4B     		ldr	r3, .L13+24
 292 00b0 1A60     		str	r2, [r3]
 297:Generated_Source\PSoC4/cyfitter_cfg.c **** 
 298:Generated_Source\PSoC4/cyfitter_cfg.c **** 	/* IOPINS0_3 Starting address: CYDEV_GPIO_PRT3_BASE */
 299:Generated_Source\PSoC4/cyfitter_cfg.c **** 	CY_SET_XTND_REG32((void CYFAR *)(CYDEV_GPIO_PRT3_BASE), 0x000000E0u);
 293              		.loc 1 299 0
 294 00b2 E023     		mov	r3, #224
 295 00b4 0E4A     		ldr	r2, .L13+28
 296 00b6 1360     		str	r3, [r2]
 300:Generated_Source\PSoC4/cyfitter_cfg.c **** 	CY_SET_XTND_REG32((void CYFAR *)(CYREG_GPIO_PRT3_PC2), 0x000000E0u);
 297              		.loc 1 300 0
 298 00b8 0E4A     		ldr	r2, .L13+32
 299 00ba 1360     		str	r3, [r2]
 301:Generated_Source\PSoC4/cyfitter_cfg.c **** 
 302:Generated_Source\PSoC4/cyfitter_cfg.c **** 	/* IOPINS0_4 Starting address: CYDEV_GPIO_PRT4_BASE */
 303:Generated_Source\PSoC4/cyfitter_cfg.c **** 	CY_SET_XTND_REG32((void CYFAR *)(CYDEV_GPIO_PRT4_BASE), 0x00000003u);
 300              		.loc 1 303 0
 301 00bc 0322     		mov	r2, #3
 302 00be 0E4B     		ldr	r3, .L13+36
 303 00c0 1A60     		str	r2, [r3]
 304:Generated_Source\PSoC4/cyfitter_cfg.c **** 	CY_SET_XTND_REG32((void CYFAR *)(CYREG_GPIO_PRT4_PC), 0x00000024u);
 304              		.loc 1 304 0
 305 00c2 2132     		add	r2, r2, #33
 306 00c4 0D4B     		ldr	r3, .L13+40
 307 00c6 1A60     		str	r2, [r3]
ARM GAS  C:\Users\BILLSH~1\AppData\Local\Temp\cckd2FKO.s 			page 12


 305:Generated_Source\PSoC4/cyfitter_cfg.c **** 
 306:Generated_Source\PSoC4/cyfitter_cfg.c **** 
 307:Generated_Source\PSoC4/cyfitter_cfg.c **** 	/* Setup clocks based on selections from Clock DWR */
 308:Generated_Source\PSoC4/cyfitter_cfg.c **** 	ClockSetup();
 308              		.loc 1 308 0
 309 00c8 FFF79AFF 		bl	ClockSetup
 310              	.LVL8:
 309:Generated_Source\PSoC4/cyfitter_cfg.c **** 
 310:Generated_Source\PSoC4/cyfitter_cfg.c **** 	/* Perform basic analog initialization to defaults */
 311:Generated_Source\PSoC4/cyfitter_cfg.c **** 	AnalogSetDefault();
 311              		.loc 1 311 0
 312 00cc FFF7FEFF 		bl	AnalogSetDefault
 313              	.LVL9:
 312:Generated_Source\PSoC4/cyfitter_cfg.c **** 
 313:Generated_Source\PSoC4/cyfitter_cfg.c **** }
 314              		.loc 1 313 0
 315              		@ sp needed
 316 00d0 08BD     		pop	{r3, pc}
 317              	.L14:
 318 00d2 C046     		.align	2
 319              	.L13:
 320 00d4 00000240 		.word	1073872896
 321 00d8 00040240 		.word	1073873920
 322 00dc 04013F40 		.word	1077870852
 323 00e0 08000440 		.word	1074003976
 324 00e4 00010440 		.word	1074004224
 325 00e8 08010440 		.word	1074004232
 326 00ec 18010440 		.word	1074004248
 327 00f0 00030440 		.word	1074004736
 328 00f4 18030440 		.word	1074004760
 329 00f8 00040440 		.word	1074004992
 330 00fc 08040440 		.word	1074005000
 331              		.cfi_endproc
 332              	.LFE7:
 333              		.size	cyfitter_cfg, .-cyfitter_cfg
 334              		.text
 335              	.Letext0:
 336              		.file 2 "Generated_Source\\PSoC4\\cytypes.h"
 337              		.file 3 "Generated_Source\\PSoC4\\CyLib.h"
 338              		.file 4 "Generated_Source\\PSoC4\\CyLFClk.h"
 339              		.section	.debug_info,"",%progbits
 340              	.Ldebug_info0:
 341 0000 84010000 		.4byte	0x184
 342 0004 0400     		.2byte	0x4
 343 0006 00000000 		.4byte	.Ldebug_abbrev0
 344 000a 04       		.byte	0x4
 345 000b 01       		.uleb128 0x1
 346 000c CC010000 		.4byte	.LASF20
 347 0010 01       		.byte	0x1
 348 0011 15000000 		.4byte	.LASF21
 349 0015 B2000000 		.4byte	.LASF22
 350 0019 00000000 		.4byte	.Ldebug_ranges0+0
 351 001d 00000000 		.4byte	0
 352 0021 00000000 		.4byte	.Ldebug_line0
 353 0025 02       		.uleb128 0x2
 354 0026 04       		.byte	0x4
 355 0027 05       		.byte	0x5
ARM GAS  C:\Users\BILLSH~1\AppData\Local\Temp\cckd2FKO.s 			page 13


 356 0028 696E7400 		.ascii	"int\000"
 357 002c 03       		.uleb128 0x3
 358 002d 04       		.byte	0x4
 359 002e 07       		.byte	0x7
 360 002f 3B000000 		.4byte	.LASF0
 361 0033 03       		.uleb128 0x3
 362 0034 01       		.byte	0x1
 363 0035 06       		.byte	0x6
 364 0036 C0010000 		.4byte	.LASF1
 365 003a 03       		.uleb128 0x3
 366 003b 01       		.byte	0x1
 367 003c 08       		.byte	0x8
 368 003d A4000000 		.4byte	.LASF2
 369 0041 03       		.uleb128 0x3
 370 0042 02       		.byte	0x2
 371 0043 05       		.byte	0x5
 372 0044 6F020000 		.4byte	.LASF3
 373 0048 03       		.uleb128 0x3
 374 0049 02       		.byte	0x2
 375 004a 07       		.byte	0x7
 376 004b AD010000 		.4byte	.LASF4
 377 004f 03       		.uleb128 0x3
 378 0050 04       		.byte	0x4
 379 0051 05       		.byte	0x5
 380 0052 4E010000 		.4byte	.LASF5
 381 0056 03       		.uleb128 0x3
 382 0057 04       		.byte	0x4
 383 0058 07       		.byte	0x7
 384 0059 4E000000 		.4byte	.LASF6
 385 005d 03       		.uleb128 0x3
 386 005e 08       		.byte	0x8
 387 005f 05       		.byte	0x5
 388 0060 00000000 		.4byte	.LASF7
 389 0064 03       		.uleb128 0x3
 390 0065 08       		.byte	0x8
 391 0066 07       		.byte	0x7
 392 0067 6D000000 		.4byte	.LASF8
 393 006b 03       		.uleb128 0x3
 394 006c 04       		.byte	0x4
 395 006d 07       		.byte	0x7
 396 006e 79020000 		.4byte	.LASF9
 397 0072 03       		.uleb128 0x3
 398 0073 01       		.byte	0x1
 399 0074 08       		.byte	0x8
 400 0075 8A000000 		.4byte	.LASF10
 401 0079 04       		.uleb128 0x4
 402 007a 48000000 		.4byte	.LASF11
 403 007e 02       		.byte	0x2
 404 007f B901     		.2byte	0x1b9
 405 0081 3A000000 		.4byte	0x3a
 406 0085 04       		.uleb128 0x4
 407 0086 0E000000 		.4byte	.LASF12
 408 008a 02       		.byte	0x2
 409 008b BB01     		.2byte	0x1bb
 410 008d 56000000 		.4byte	0x56
 411 0091 03       		.uleb128 0x3
 412 0092 04       		.byte	0x4
ARM GAS  C:\Users\BILLSH~1\AppData\Local\Temp\cckd2FKO.s 			page 14


 413 0093 04       		.byte	0x4
 414 0094 84000000 		.4byte	.LASF13
 415 0098 03       		.uleb128 0x3
 416 0099 08       		.byte	0x8
 417 009a 04       		.byte	0x4
 418 009b 8A010000 		.4byte	.LASF14
 419 009f 04       		.uleb128 0x4
 420 00a0 A7010000 		.4byte	.LASF15
 421 00a4 02       		.byte	0x2
 422 00a5 6502     		.2byte	0x265
 423 00a7 AB000000 		.4byte	0xab
 424 00ab 05       		.uleb128 0x5
 425 00ac 85000000 		.4byte	0x85
 426 00b0 06       		.uleb128 0x6
 427 00b1 68010000 		.4byte	.LASF16
 428 00b5 01       		.byte	0x1
 429 00b6 9A       		.byte	0x9a
 430 00b7 00000000 		.4byte	.LFB4
 431 00bb 84000000 		.4byte	.LFE4-.LFB4
 432 00bf 01       		.uleb128 0x1
 433 00c0 9C       		.byte	0x9c
 434 00c1 E9000000 		.4byte	0xe9
 435 00c5 07       		.uleb128 0x7
 436 00c6 0E000000 		.4byte	.LVL0
 437 00ca 69010000 		.4byte	0x169
 438 00ce D9000000 		.4byte	0xd9
 439 00d2 08       		.uleb128 0x8
 440 00d3 01       		.uleb128 0x1
 441 00d4 50       		.byte	0x50
 442 00d5 02       		.uleb128 0x2
 443 00d6 08       		.byte	0x8
 444 00d7 30       		.byte	0x30
 445 00d8 00       		.byte	0
 446 00d9 09       		.uleb128 0x9
 447 00da 50000000 		.4byte	.LVL1
 448 00de 7A010000 		.4byte	0x17a
 449 00e2 08       		.uleb128 0x8
 450 00e3 01       		.uleb128 0x1
 451 00e4 50       		.byte	0x50
 452 00e5 01       		.uleb128 0x1
 453 00e6 30       		.byte	0x30
 454 00e7 00       		.byte	0
 455 00e8 00       		.byte	0
 456 00e9 0A       		.uleb128 0xa
 457 00ea 91010000 		.4byte	.LASF18
 458 00ee 01       		.byte	0x1
 459 00ef F0       		.byte	0xf0
 460 00f0 00000000 		.4byte	.LFB6
 461 00f4 20000000 		.4byte	.LFE6-.LFB6
 462 00f8 01       		.uleb128 0x1
 463 00f9 9C       		.byte	0x9c
 464 00fa 1B010000 		.4byte	0x11b
 465 00fe 0B       		.uleb128 0xb
 466 00ff 5E020000 		.4byte	.LASF23
 467 0103 01       		.byte	0x1
 468 0104 F0       		.byte	0xf0
 469 0105 79000000 		.4byte	0x79
ARM GAS  C:\Users\BILLSH~1\AppData\Local\Temp\cckd2FKO.s 			page 15


 470 0109 01       		.uleb128 0x1
 471 010a 50       		.byte	0x50
 472 010b 0C       		.uleb128 0xc
 473 010c 66020000 		.4byte	.LASF24
 474 0110 01       		.byte	0x1
 475 0111 F2       		.byte	0xf2
 476 0112 85000000 		.4byte	0x85
 477 0116 00000000 		.4byte	.LLST0
 478 011a 00       		.byte	0
 479 011b 06       		.uleb128 0x6
 480 011c 57010000 		.4byte	.LASF17
 481 0120 01       		.byte	0x1
 482 0121 CD       		.byte	0xcd
 483 0122 00000000 		.4byte	.LFB5
 484 0126 9C000000 		.4byte	.LFE5-.LFB5
 485 012a 01       		.uleb128 0x1
 486 012b 9C       		.byte	0x9c
 487 012c 40010000 		.4byte	0x140
 488 0130 09       		.uleb128 0x9
 489 0131 5A000000 		.4byte	.LVL7
 490 0135 E9000000 		.4byte	0xe9
 491 0139 08       		.uleb128 0x8
 492 013a 01       		.uleb128 0x1
 493 013b 50       		.byte	0x50
 494 013c 01       		.uleb128 0x1
 495 013d 31       		.byte	0x31
 496 013e 00       		.byte	0
 497 013f 00       		.byte	0
 498 0140 0D       		.uleb128 0xd
 499 0141 60000000 		.4byte	.LASF19
 500 0145 01       		.byte	0x1
 501 0146 1201     		.2byte	0x112
 502 0148 84000000 		.4byte	.LFB7
 503 014c 7C000000 		.4byte	.LFE7-.LFB7
 504 0150 01       		.uleb128 0x1
 505 0151 9C       		.byte	0x9c
 506 0152 69010000 		.4byte	0x169
 507 0156 0E       		.uleb128 0xe
 508 0157 CC000000 		.4byte	.LVL8
 509 015b B0000000 		.4byte	0xb0
 510 015f 0E       		.uleb128 0xe
 511 0160 D0000000 		.4byte	.LVL9
 512 0164 1B010000 		.4byte	0x11b
 513 0168 00       		.byte	0
 514 0169 0F       		.uleb128 0xf
 515 016a 8F000000 		.4byte	.LASF25
 516 016e 03       		.byte	0x3
 517 016f 6C       		.byte	0x6c
 518 0170 7A010000 		.4byte	0x17a
 519 0174 10       		.uleb128 0x10
 520 0175 85000000 		.4byte	0x85
 521 0179 00       		.byte	0
 522 017a 11       		.uleb128 0x11
 523 017b 73010000 		.4byte	.LASF26
 524 017f 04       		.byte	0x4
 525 0180 9F       		.byte	0x9f
 526 0181 10       		.uleb128 0x10
ARM GAS  C:\Users\BILLSH~1\AppData\Local\Temp\cckd2FKO.s 			page 16


 527 0182 85000000 		.4byte	0x85
 528 0186 00       		.byte	0
 529 0187 00       		.byte	0
 530              		.section	.debug_abbrev,"",%progbits
 531              	.Ldebug_abbrev0:
 532 0000 01       		.uleb128 0x1
 533 0001 11       		.uleb128 0x11
 534 0002 01       		.byte	0x1
 535 0003 25       		.uleb128 0x25
 536 0004 0E       		.uleb128 0xe
 537 0005 13       		.uleb128 0x13
 538 0006 0B       		.uleb128 0xb
 539 0007 03       		.uleb128 0x3
 540 0008 0E       		.uleb128 0xe
 541 0009 1B       		.uleb128 0x1b
 542 000a 0E       		.uleb128 0xe
 543 000b 55       		.uleb128 0x55
 544 000c 17       		.uleb128 0x17
 545 000d 11       		.uleb128 0x11
 546 000e 01       		.uleb128 0x1
 547 000f 10       		.uleb128 0x10
 548 0010 17       		.uleb128 0x17
 549 0011 00       		.byte	0
 550 0012 00       		.byte	0
 551 0013 02       		.uleb128 0x2
 552 0014 24       		.uleb128 0x24
 553 0015 00       		.byte	0
 554 0016 0B       		.uleb128 0xb
 555 0017 0B       		.uleb128 0xb
 556 0018 3E       		.uleb128 0x3e
 557 0019 0B       		.uleb128 0xb
 558 001a 03       		.uleb128 0x3
 559 001b 08       		.uleb128 0x8
 560 001c 00       		.byte	0
 561 001d 00       		.byte	0
 562 001e 03       		.uleb128 0x3
 563 001f 24       		.uleb128 0x24
 564 0020 00       		.byte	0
 565 0021 0B       		.uleb128 0xb
 566 0022 0B       		.uleb128 0xb
 567 0023 3E       		.uleb128 0x3e
 568 0024 0B       		.uleb128 0xb
 569 0025 03       		.uleb128 0x3
 570 0026 0E       		.uleb128 0xe
 571 0027 00       		.byte	0
 572 0028 00       		.byte	0
 573 0029 04       		.uleb128 0x4
 574 002a 16       		.uleb128 0x16
 575 002b 00       		.byte	0
 576 002c 03       		.uleb128 0x3
 577 002d 0E       		.uleb128 0xe
 578 002e 3A       		.uleb128 0x3a
 579 002f 0B       		.uleb128 0xb
 580 0030 3B       		.uleb128 0x3b
 581 0031 05       		.uleb128 0x5
 582 0032 49       		.uleb128 0x49
 583 0033 13       		.uleb128 0x13
ARM GAS  C:\Users\BILLSH~1\AppData\Local\Temp\cckd2FKO.s 			page 17


 584 0034 00       		.byte	0
 585 0035 00       		.byte	0
 586 0036 05       		.uleb128 0x5
 587 0037 35       		.uleb128 0x35
 588 0038 00       		.byte	0
 589 0039 49       		.uleb128 0x49
 590 003a 13       		.uleb128 0x13
 591 003b 00       		.byte	0
 592 003c 00       		.byte	0
 593 003d 06       		.uleb128 0x6
 594 003e 2E       		.uleb128 0x2e
 595 003f 01       		.byte	0x1
 596 0040 03       		.uleb128 0x3
 597 0041 0E       		.uleb128 0xe
 598 0042 3A       		.uleb128 0x3a
 599 0043 0B       		.uleb128 0xb
 600 0044 3B       		.uleb128 0x3b
 601 0045 0B       		.uleb128 0xb
 602 0046 27       		.uleb128 0x27
 603 0047 19       		.uleb128 0x19
 604 0048 11       		.uleb128 0x11
 605 0049 01       		.uleb128 0x1
 606 004a 12       		.uleb128 0x12
 607 004b 06       		.uleb128 0x6
 608 004c 40       		.uleb128 0x40
 609 004d 18       		.uleb128 0x18
 610 004e 9742     		.uleb128 0x2117
 611 0050 19       		.uleb128 0x19
 612 0051 01       		.uleb128 0x1
 613 0052 13       		.uleb128 0x13
 614 0053 00       		.byte	0
 615 0054 00       		.byte	0
 616 0055 07       		.uleb128 0x7
 617 0056 898201   		.uleb128 0x4109
 618 0059 01       		.byte	0x1
 619 005a 11       		.uleb128 0x11
 620 005b 01       		.uleb128 0x1
 621 005c 31       		.uleb128 0x31
 622 005d 13       		.uleb128 0x13
 623 005e 01       		.uleb128 0x1
 624 005f 13       		.uleb128 0x13
 625 0060 00       		.byte	0
 626 0061 00       		.byte	0
 627 0062 08       		.uleb128 0x8
 628 0063 8A8201   		.uleb128 0x410a
 629 0066 00       		.byte	0
 630 0067 02       		.uleb128 0x2
 631 0068 18       		.uleb128 0x18
 632 0069 9142     		.uleb128 0x2111
 633 006b 18       		.uleb128 0x18
 634 006c 00       		.byte	0
 635 006d 00       		.byte	0
 636 006e 09       		.uleb128 0x9
 637 006f 898201   		.uleb128 0x4109
 638 0072 01       		.byte	0x1
 639 0073 11       		.uleb128 0x11
 640 0074 01       		.uleb128 0x1
ARM GAS  C:\Users\BILLSH~1\AppData\Local\Temp\cckd2FKO.s 			page 18


 641 0075 31       		.uleb128 0x31
 642 0076 13       		.uleb128 0x13
 643 0077 00       		.byte	0
 644 0078 00       		.byte	0
 645 0079 0A       		.uleb128 0xa
 646 007a 2E       		.uleb128 0x2e
 647 007b 01       		.byte	0x1
 648 007c 3F       		.uleb128 0x3f
 649 007d 19       		.uleb128 0x19
 650 007e 03       		.uleb128 0x3
 651 007f 0E       		.uleb128 0xe
 652 0080 3A       		.uleb128 0x3a
 653 0081 0B       		.uleb128 0xb
 654 0082 3B       		.uleb128 0x3b
 655 0083 0B       		.uleb128 0xb
 656 0084 27       		.uleb128 0x27
 657 0085 19       		.uleb128 0x19
 658 0086 11       		.uleb128 0x11
 659 0087 01       		.uleb128 0x1
 660 0088 12       		.uleb128 0x12
 661 0089 06       		.uleb128 0x6
 662 008a 40       		.uleb128 0x40
 663 008b 18       		.uleb128 0x18
 664 008c 9742     		.uleb128 0x2117
 665 008e 19       		.uleb128 0x19
 666 008f 01       		.uleb128 0x1
 667 0090 13       		.uleb128 0x13
 668 0091 00       		.byte	0
 669 0092 00       		.byte	0
 670 0093 0B       		.uleb128 0xb
 671 0094 05       		.uleb128 0x5
 672 0095 00       		.byte	0
 673 0096 03       		.uleb128 0x3
 674 0097 0E       		.uleb128 0xe
 675 0098 3A       		.uleb128 0x3a
 676 0099 0B       		.uleb128 0xb
 677 009a 3B       		.uleb128 0x3b
 678 009b 0B       		.uleb128 0xb
 679 009c 49       		.uleb128 0x49
 680 009d 13       		.uleb128 0x13
 681 009e 02       		.uleb128 0x2
 682 009f 18       		.uleb128 0x18
 683 00a0 00       		.byte	0
 684 00a1 00       		.byte	0
 685 00a2 0C       		.uleb128 0xc
 686 00a3 34       		.uleb128 0x34
 687 00a4 00       		.byte	0
 688 00a5 03       		.uleb128 0x3
 689 00a6 0E       		.uleb128 0xe
 690 00a7 3A       		.uleb128 0x3a
 691 00a8 0B       		.uleb128 0xb
 692 00a9 3B       		.uleb128 0x3b
 693 00aa 0B       		.uleb128 0xb
 694 00ab 49       		.uleb128 0x49
 695 00ac 13       		.uleb128 0x13
 696 00ad 02       		.uleb128 0x2
 697 00ae 17       		.uleb128 0x17
ARM GAS  C:\Users\BILLSH~1\AppData\Local\Temp\cckd2FKO.s 			page 19


 698 00af 00       		.byte	0
 699 00b0 00       		.byte	0
 700 00b1 0D       		.uleb128 0xd
 701 00b2 2E       		.uleb128 0x2e
 702 00b3 01       		.byte	0x1
 703 00b4 3F       		.uleb128 0x3f
 704 00b5 19       		.uleb128 0x19
 705 00b6 03       		.uleb128 0x3
 706 00b7 0E       		.uleb128 0xe
 707 00b8 3A       		.uleb128 0x3a
 708 00b9 0B       		.uleb128 0xb
 709 00ba 3B       		.uleb128 0x3b
 710 00bb 05       		.uleb128 0x5
 711 00bc 27       		.uleb128 0x27
 712 00bd 19       		.uleb128 0x19
 713 00be 11       		.uleb128 0x11
 714 00bf 01       		.uleb128 0x1
 715 00c0 12       		.uleb128 0x12
 716 00c1 06       		.uleb128 0x6
 717 00c2 40       		.uleb128 0x40
 718 00c3 18       		.uleb128 0x18
 719 00c4 9742     		.uleb128 0x2117
 720 00c6 19       		.uleb128 0x19
 721 00c7 01       		.uleb128 0x1
 722 00c8 13       		.uleb128 0x13
 723 00c9 00       		.byte	0
 724 00ca 00       		.byte	0
 725 00cb 0E       		.uleb128 0xe
 726 00cc 898201   		.uleb128 0x4109
 727 00cf 00       		.byte	0
 728 00d0 11       		.uleb128 0x11
 729 00d1 01       		.uleb128 0x1
 730 00d2 31       		.uleb128 0x31
 731 00d3 13       		.uleb128 0x13
 732 00d4 00       		.byte	0
 733 00d5 00       		.byte	0
 734 00d6 0F       		.uleb128 0xf
 735 00d7 2E       		.uleb128 0x2e
 736 00d8 01       		.byte	0x1
 737 00d9 3F       		.uleb128 0x3f
 738 00da 19       		.uleb128 0x19
 739 00db 03       		.uleb128 0x3
 740 00dc 0E       		.uleb128 0xe
 741 00dd 3A       		.uleb128 0x3a
 742 00de 0B       		.uleb128 0xb
 743 00df 3B       		.uleb128 0x3b
 744 00e0 0B       		.uleb128 0xb
 745 00e1 27       		.uleb128 0x27
 746 00e2 19       		.uleb128 0x19
 747 00e3 3C       		.uleb128 0x3c
 748 00e4 19       		.uleb128 0x19
 749 00e5 01       		.uleb128 0x1
 750 00e6 13       		.uleb128 0x13
 751 00e7 00       		.byte	0
 752 00e8 00       		.byte	0
 753 00e9 10       		.uleb128 0x10
 754 00ea 05       		.uleb128 0x5
ARM GAS  C:\Users\BILLSH~1\AppData\Local\Temp\cckd2FKO.s 			page 20


 755 00eb 00       		.byte	0
 756 00ec 49       		.uleb128 0x49
 757 00ed 13       		.uleb128 0x13
 758 00ee 00       		.byte	0
 759 00ef 00       		.byte	0
 760 00f0 11       		.uleb128 0x11
 761 00f1 2E       		.uleb128 0x2e
 762 00f2 01       		.byte	0x1
 763 00f3 3F       		.uleb128 0x3f
 764 00f4 19       		.uleb128 0x19
 765 00f5 03       		.uleb128 0x3
 766 00f6 0E       		.uleb128 0xe
 767 00f7 3A       		.uleb128 0x3a
 768 00f8 0B       		.uleb128 0xb
 769 00f9 3B       		.uleb128 0x3b
 770 00fa 0B       		.uleb128 0xb
 771 00fb 27       		.uleb128 0x27
 772 00fc 19       		.uleb128 0x19
 773 00fd 3C       		.uleb128 0x3c
 774 00fe 19       		.uleb128 0x19
 775 00ff 00       		.byte	0
 776 0100 00       		.byte	0
 777 0101 00       		.byte	0
 778              		.section	.debug_loc,"",%progbits
 779              	.Ldebug_loc0:
 780              	.LLST0:
 781 0000 04000000 		.4byte	.LVL3
 782 0004 12000000 		.4byte	.LVL5
 783 0008 0100     		.2byte	0x1
 784 000a 53       		.byte	0x53
 785 000b 14000000 		.4byte	.LVL6
 786 000f 20000000 		.4byte	.LFE6
 787 0013 0100     		.2byte	0x1
 788 0015 53       		.byte	0x53
 789 0016 00000000 		.4byte	0
 790 001a 00000000 		.4byte	0
 791              		.section	.debug_aranges,"",%progbits
 792 0000 34000000 		.4byte	0x34
 793 0004 0200     		.2byte	0x2
 794 0006 00000000 		.4byte	.Ldebug_info0
 795 000a 04       		.byte	0x4
 796 000b 00       		.byte	0
 797 000c 0000     		.2byte	0
 798 000e 0000     		.2byte	0
 799 0010 00000000 		.4byte	.LFB4
 800 0014 84000000 		.4byte	.LFE4-.LFB4
 801 0018 00000000 		.4byte	.LFB6
 802 001c 20000000 		.4byte	.LFE6-.LFB6
 803 0020 00000000 		.4byte	.LFB5
 804 0024 9C000000 		.4byte	.LFE5-.LFB5
 805 0028 84000000 		.4byte	.LFB7
 806 002c 7C000000 		.4byte	.LFE7-.LFB7
 807 0030 00000000 		.4byte	0
 808 0034 00000000 		.4byte	0
 809              		.section	.debug_ranges,"",%progbits
 810              	.Ldebug_ranges0:
 811 0000 00000000 		.4byte	.LFB4
ARM GAS  C:\Users\BILLSH~1\AppData\Local\Temp\cckd2FKO.s 			page 21


 812 0004 84000000 		.4byte	.LFE4
 813 0008 00000000 		.4byte	.LFB6
 814 000c 20000000 		.4byte	.LFE6
 815 0010 00000000 		.4byte	.LFB5
 816 0014 9C000000 		.4byte	.LFE5
 817 0018 84000000 		.4byte	.LFB7
 818 001c 00010000 		.4byte	.LFE7
 819 0020 00000000 		.4byte	0
 820 0024 00000000 		.4byte	0
 821              		.section	.debug_line,"",%progbits
 822              	.Ldebug_line0:
 823 0000 CF000000 		.section	.debug_str,"MS",%progbits,1
 823      02006100 
 823      00000201 
 823      FB0E0D00 
 823      01010101 
 824              	.LASF7:
 825 0000 6C6F6E67 		.ascii	"long long int\000"
 825      206C6F6E 
 825      6720696E 
 825      7400
 826              	.LASF12:
 827 000e 75696E74 		.ascii	"uint32\000"
 827      333200
 828              	.LASF21:
 829 0015 47656E65 		.ascii	"Generated_Source\\PSoC4\\cyfitter_cfg.c\000"
 829      72617465 
 829      645F536F 
 829      75726365 
 829      5C50536F 
 830              	.LASF0:
 831 003b 756E7369 		.ascii	"unsigned int\000"
 831      676E6564 
 831      20696E74 
 831      00
 832              	.LASF11:
 833 0048 75696E74 		.ascii	"uint8\000"
 833      3800
 834              	.LASF6:
 835 004e 6C6F6E67 		.ascii	"long unsigned int\000"
 835      20756E73 
 835      69676E65 
 835      6420696E 
 835      7400
 836              	.LASF19:
 837 0060 63796669 		.ascii	"cyfitter_cfg\000"
 837      74746572 
 837      5F636667 
 837      00
 838              	.LASF8:
 839 006d 6C6F6E67 		.ascii	"long long unsigned int\000"
 839      206C6F6E 
 839      6720756E 
 839      7369676E 
 839      65642069 
 840              	.LASF13:
 841 0084 666C6F61 		.ascii	"float\000"
ARM GAS  C:\Users\BILLSH~1\AppData\Local\Temp\cckd2FKO.s 			page 22


 841      7400
 842              	.LASF10:
 843 008a 63686172 		.ascii	"char\000"
 843      00
 844              	.LASF25:
 845 008f 43795379 		.ascii	"CySysClkWriteImoFreq\000"
 845      73436C6B 
 845      57726974 
 845      65496D6F 
 845      46726571 
 846              	.LASF2:
 847 00a4 756E7369 		.ascii	"unsigned char\000"
 847      676E6564 
 847      20636861 
 847      7200
 848              	.LASF22:
 849 00b2 433A5C55 		.ascii	"C:\\Users\\Bill Shaw\\Documents\\PSoC Creator\\Trai"
 849      73657273 
 849      5C42696C 
 849      6C205368 
 849      61775C44 
 850 00e0 6E696E67 		.ascii	"ning\\PIR Example\\CE211321_Temperature_Sensing\\CE"
 850      5C504952 
 850      20457861 
 850      6D706C65 
 850      5C434532 
 851 0110 32313133 		.ascii	"211321_Temperature_Sensing\\CE211321_Temperature_Se"
 851      32315F54 
 851      656D7065 
 851      72617475 
 851      72655F53 
 852 0142 6E73696E 		.ascii	"nsing.cydsn\000"
 852      672E6379 
 852      64736E00 
 853              	.LASF5:
 854 014e 6C6F6E67 		.ascii	"long int\000"
 854      20696E74 
 854      00
 855              	.LASF17:
 856 0157 416E616C 		.ascii	"AnalogSetDefault\000"
 856      6F675365 
 856      74446566 
 856      61756C74 
 856      00
 857              	.LASF16:
 858 0168 436C6F63 		.ascii	"ClockSetup\000"
 858      6B536574 
 858      757000
 859              	.LASF26:
 860 0173 43795379 		.ascii	"CySysClkSetTimerSource\000"
 860      73436C6B 
 860      53657454 
 860      696D6572 
 860      536F7572 
 861              	.LASF14:
 862 018a 646F7562 		.ascii	"double\000"
 862      6C6500
ARM GAS  C:\Users\BILLSH~1\AppData\Local\Temp\cckd2FKO.s 			page 23


 863              	.LASF18:
 864 0191 53657441 		.ascii	"SetAnalogRoutingPumps\000"
 864      6E616C6F 
 864      67526F75 
 864      74696E67 
 864      50756D70 
 865              	.LASF15:
 866 01a7 72656733 		.ascii	"reg32\000"
 866      3200
 867              	.LASF4:
 868 01ad 73686F72 		.ascii	"short unsigned int\000"
 868      7420756E 
 868      7369676E 
 868      65642069 
 868      6E7400
 869              	.LASF1:
 870 01c0 7369676E 		.ascii	"signed char\000"
 870      65642063 
 870      68617200 
 871              	.LASF20:
 872 01cc 474E5520 		.ascii	"GNU C 4.9.3 20150303 (release) [ARM/embedded-4_9-br"
 872      4320342E 
 872      392E3320 
 872      32303135 
 872      30333033 
 873 01ff 616E6368 		.ascii	"anch revision 221220] -mcpu=cortex-m0plus -mthumb -"
 873      20726576 
 873      6973696F 
 873      6E203232 
 873      31323230 
 874 0232 67202D4F 		.ascii	"g -Og -ffunction-sections -ffat-lto-objects\000"
 874      67202D66 
 874      66756E63 
 874      74696F6E 
 874      2D736563 
 875              	.LASF23:
 876 025e 656E6162 		.ascii	"enabled\000"
 876      6C656400 
 877              	.LASF24:
 878 0266 72656756 		.ascii	"regValue\000"
 878      616C7565 
 878      00
 879              	.LASF3:
 880 026f 73686F72 		.ascii	"short int\000"
 880      7420696E 
 880      7400
 881              	.LASF9:
 882 0279 73697A65 		.ascii	"sizetype\000"
 882      74797065 
 882      00
 883              		.ident	"GCC: (GNU Tools for ARM Embedded Processors) 4.9.3 20150303 (release) [ARM/embedded-4_9-br
